 try_1stSFML_GAME

 Timestamp is 5fdcc191 (Fri Dec 18 21:49:53 2020)

 Preferred load address is 0000000140000000

 Start         Length     Name                   Class
 0001:00000000 00000020H .text$di                CODE
 0001:00000020 00028290H .text$mn                CODE
 0001:000282b0 00000040H .text$mn$00             CODE
 0001:000282f0 000024f0H .text$x                 CODE
 0001:0002a7e0 00000015H .text$yd                CODE
 0002:00000000 00000828H .idata$5                DATA
 0002:00000828 00000028H .00cfg                  DATA
 0002:00000850 00000008H .CRT$XCA                DATA
 0002:00000858 00000008H .CRT$XCAA               DATA
 0002:00000860 00000008H .CRT$XCL                DATA
 0002:00000868 00000008H .CRT$XCZ                DATA
 0002:00000870 00000008H .CRT$XIA                DATA
 0002:00000878 00000008H .CRT$XIAA               DATA
 0002:00000880 00000008H .CRT$XIAC               DATA
 0002:00000888 00000008H .CRT$XIZ                DATA
 0002:00000890 00000008H .CRT$XPA                DATA
 0002:00000898 00000008H .CRT$XPZ                DATA
 0002:000008a0 00000008H .CRT$XTA                DATA
 0002:000008a8 00000008H .CRT$XTZ                DATA
 0002:000008b0 00000000H .gehcont$y              DATA
 0002:000008b0 00000000H .gfids$y                DATA
 0002:000008b0 00007a50H .rdata                  DATA
 0002:00008300 00000000H .rdata$CastGuardVftablesA DATA
 0002:00008300 00000000H .rdata$CastGuardVftablesC DATA
 0002:00008300 00000fecH .rdata$r                DATA
 0002:000092ec 0000039cH .rdata$zzzdbg           DATA
 0002:00009688 00000008H .rtc$IAA                DATA
 0002:00009690 00000000H .rtc$IMZ                DATA
 0002:00009690 00000008H .rtc$IZZ                DATA
 0002:00009698 00000008H .rtc$TAA                DATA
 0002:000096a0 00000000H .rtc$TMZ                DATA
 0002:000096a0 00000008H .rtc$TZZ                DATA
 0002:000096a8 000015f8H .xdata                  DATA
 0002:0000aca0 0000014cH .xdata$x                DATA
 0002:0000adec 00000000H .edata                  DATA
 0002:0000adec 000000b4H .idata$2                DATA
 0002:0000aea0 00000018H .idata$3                DATA
 0002:0000aeb8 00000828H .idata$4                DATA
 0002:0000b6e0 00002774H .idata$6                DATA
 0003:00000000 00000068H .data                   DATA
 0003:00000068 000000c8H .data$r                 DATA
 0003:00000130 00000540H .data$rs                DATA
 0003:00000670 00000644H .bss                    DATA
 0004:00000000 00002e98H .pdata                  DATA
 0005:00000000 00000289H .msvcjmc                DATA
 0006:00000000 00000060H .rsrc$01                DATA
 0006:00000060 00000180H .rsrc$02                DATA

  Address         Publics by Value              Rva+Base               Lib:Object

 0000:00000000       __arm64x_redirection_metadata 0000000000000000     <absolute>
 0000:00000000       __guard_iat_table          0000000000000000     <absolute>
 0000:00000000       __x64_code_ranges_to_entry_points_count 0000000000000000     <absolute>
 0000:00000000       __guard_fids_table         0000000000000000     <absolute>
 0000:00000000       ___safe_se_handler_table   0000000000000000     <absolute>
 0000:00000000       __guard_longjmp_table      0000000000000000     <absolute>
 0000:00000000       __x64_code_ranges_to_entry_points 0000000000000000     <absolute>
 0000:00000000       __AbsoluteZero             0000000000000000     <absolute>
 0000:00000000       __guard_fids_count         0000000000000000     <absolute>
 0000:00000000       __guard_iat_count          0000000000000000     <absolute>
 0000:00000000       __guard_longjmp_count      0000000000000000     <absolute>
 0000:00000000       __arm64x_redirection_metadata_count 0000000000000000     <absolute>
 0000:00000000       __enclave_config           0000000000000000     <absolute>
 0000:00000000       __arm64x_extra_rfe_table   0000000000000000     <absolute>
 0000:00000000       __dynamic_value_reloc_table 0000000000000000     <absolute>
 0000:00000000       __hybrid_code_map          0000000000000000     <absolute>
 0000:00000000       __guard_eh_cont_table      0000000000000000     <absolute>
 0000:00000000       __volatile_metadata        0000000000000000     <absolute>
 0000:00000000       __arm64x_extra_rfe_table_size 0000000000000000     <absolute>
 0000:00000000       ___safe_se_handler_count   0000000000000000     <absolute>
 0000:00000000       __arm64x_native_entrypoint 0000000000000000     <absolute>
 0000:00000000       __hybrid_code_map_count    0000000000000000     <absolute>
 0000:00000000       __hybrid_auxiliary_iat     0000000000000000     <absolute>
 0000:00000000       __guard_eh_cont_count      0000000000000000     <absolute>
 0000:00000100       __guard_flags              0000000000000100     <absolute>
 0000:00000000       __ImageBase                0000000140000000     <linker-defined>
 0001:00000020       ??$?0$$V@?$_Compressed_pair@V?$allocator@D@std@@V?$_String_val@U?$_Simple_types@D@std@@@2@$00@std@@QEAA@U_Zero_then_variadic_args_t@1@@Z 0000000140001020 f i BlueEnemy.obj
 0001:00000070       ??$?0D@?$allocator@U_Container_proxy@std@@@std@@QEAA@AEBV?$allocator@D@1@@Z 0000000140001070 f i BlueEnemy.obj
 0001:000000b0       ??$?6U?$char_traits@D@std@@@std@@YAAEAV?$basic_ostream@DU?$char_traits@D@std@@@0@AEAV10@PEBD@Z 00000001400010b0 f i BlueEnemy.obj
 0001:000004f0       ??$_Allocate@$0BA@U_Default_allocate_traits@std@@$0A@@std@@YAPEAX_K@Z 00000001400014f0 f i BlueEnemy.obj
 0001:00000550       ??$_Allocate_manually_vector_aligned@U_Default_allocate_traits@std@@@std@@YAPEAX_K@Z 0000000140001550 f i BlueEnemy.obj
 0001:00000680       ??$_Construct_in_place@PEADAEBQEAD@std@@YAXAEAPEADAEBQEAD@Z 0000000140001680 f i BlueEnemy.obj
 0001:000006f0       ??$_Construct_in_place@U_Container_proxy@std@@PEAU_Container_base12@2@@std@@YAXAEAU_Container_proxy@0@$$QEAPEAU_Container_base12@0@@Z 00000001400016f0 f i BlueEnemy.obj
 0001:00000760       ?_Get_first@?$_Compressed_pair@V?$allocator@D@std@@V?$_String_val@U?$_Simple_types@D@std@@@2@$00@std@@QEBAAEBV?$allocator@D@2@XZ 0000000140001760 f i BlueEnemy.obj
 0001:00000760       ?_Get_first@?$_Compressed_pair@V?$allocator@D@std@@V?$_String_val@U?$_Simple_types@D@std@@@2@$00@std@@QEAAAEAV?$allocator@D@2@XZ 0000000140001760 f i BlueEnemy.obj
 0001:00000760       ??$_Convert_size@_K@std@@YA_K_K@Z 0000000140001760 f i BlueEnemy.obj
 0001:00000760       ??0?$allocator@D@std@@QEAA@XZ 0000000140001760 f i BlueEnemy.obj
 0001:000007a0       ??$_Deallocate@$0BA@$0A@@std@@YAXPEAX_K@Z 00000001400017a0 f i BlueEnemy.obj
 0001:00000800       ??$_Deallocate_plain@V?$allocator@U_Container_proxy@std@@@std@@@std@@YAXAEAV?$allocator@U_Container_proxy@std@@@0@QEAU_Container_proxy@0@@Z 0000000140001800 f i BlueEnemy.obj
 0001:00000850       ??$_Delete_plain_internal@V?$allocator@U_Container_proxy@std@@@std@@@std@@YAXAEAV?$allocator@U_Container_proxy@std@@@0@QEAU_Container_proxy@0@@Z 0000000140001850 f i BlueEnemy.obj
 0001:000008a0       ??$_Destroy_in_place@PEAD@std@@YAXAEAPEAD@Z 00000001400018a0 f i BlueEnemy.obj
 0001:000008d0       ??$_Get_size_of_n@$00@std@@YA_K_K@Z 00000001400018d0 f i BlueEnemy.obj
 0001:00000910       ??$_Get_size_of_n@$0BA@@std@@YA_K_K@Z 0000000140001910 f i BlueEnemy.obj
 0001:00000970       ??$_Reallocate_for@V<lambda_66f57f934f28d61049862f64df852ff0>@@PEBD@?$basic_string@DU?$char_traits@D@std@@V?$allocator@D@2@@std@@AEAAAEAV01@_KV<lambda_66f57f934f28d61049862f64df852ff0>@@PEBD@Z 0000000140001970 f i BlueEnemy.obj
 0001:00000b20       ??$addressof@PEAD@std@@YAPEAPEADAEAPEAD@Z 0000000140001b20 f i BlueEnemy.obj
 0001:00000b20       ??$addressof@U_Container_proxy@std@@@std@@YAPEAU_Container_proxy@0@AEAU10@@Z 0000000140001b20 f i BlueEnemy.obj
 0001:00000b20       ??$_Unfancy@D@std@@YAPEADPEAD@Z 0000000140001b20 f i BlueEnemy.obj
 0001:00000b20       ??$addressof@U_Container_base12@std@@@std@@YAPEAU_Container_base12@0@AEAU10@@Z 0000000140001b20 f i BlueEnemy.obj
 0001:00000b20       ??$_Unfancy@U_Container_proxy@std@@@std@@YAPEAU_Container_proxy@0@PEAU10@@Z 0000000140001b20 f i BlueEnemy.obj
 0001:00000b60       ??$forward@PEAU_Container_base12@std@@@std@@YA$$QEAPEAU_Container_base12@0@AEAPEAU10@@Z 0000000140001b60 f i BlueEnemy.obj
 0001:00000b60       ??$forward@AEBQEAD@std@@YAAEBQEADAEBQEAD@Z 0000000140001b60 f i BlueEnemy.obj
 0001:00000ba0       ??$max@_K@std@@YAAEB_KAEB_K0@Z 0000000140001ba0 f i BlueEnemy.obj
 0001:00000c10       ??$min@_K@std@@YAAEB_KAEB_K0@Z 0000000140001c10 f i BlueEnemy.obj
 0001:00000c80       ??0?$Rect@H@sf@@QEAA@HHHH@Z 0000000140001c80 f i BlueEnemy.obj
 0001:00000d00       ??0?$Rect@H@sf@@QEAA@XZ    0000000140001d00 f i BlueEnemy.obj
 0001:00000d70       ??0?$_Container_proxy_ptr12@V?$allocator@U_Container_proxy@std@@@std@@@std@@QEAA@AEAV?$allocator@U_Container_proxy@std@@@1@AEAU_Container_base12@1@@Z 0000000140001d70 f i BlueEnemy.obj
 0001:00000e10       ??0?$_String_val@U?$_Simple_types@D@std@@@std@@QEAA@XZ 0000000140001e10 f i BlueEnemy.obj
 0001:00000e80       ??0?$basic_string@DU?$char_traits@D@std@@V?$allocator@D@2@@std@@QEAA@QEBD@Z 0000000140001e80 f i BlueEnemy.obj
 0001:00000f90       ??0BlueEnemy@@QEAA@MM@Z    0000000140001f90 f   BlueEnemy.obj
 0001:000010a0       ??0_Bxty@?$_String_val@U?$_Simple_types@D@std@@@std@@QEAA@XZ 00000001400020a0 f i BlueEnemy.obj
 0001:000010e0       ??0_Container_base12@std@@QEAA@XZ 00000001400020e0 f i BlueEnemy.obj
 0001:00001130       ??0_Container_proxy@std@@QEAA@PEAU_Container_base12@1@@Z 0000000140002130 f i BlueEnemy.obj
 0001:00001190       ??0_Sentry_base@?$basic_ostream@DU?$char_traits@D@std@@@std@@QEAA@AEAV12@@Z 0000000140002190 f i BlueEnemy.obj
 0001:00001230       ??0bad_alloc@std@@AEAA@QEBD@Z 0000000140002230 f i BlueEnemy.obj
 0001:00001290       ??0bad_alloc@std@@QEAA@AEBV01@@Z 0000000140002290 f i BlueEnemy.obj
 0001:000012e0       ??0bad_array_new_length@std@@QEAA@AEBV01@@Z 00000001400022e0 f i BlueEnemy.obj
 0001:00001330       ??0bad_array_new_length@std@@QEAA@XZ 0000000140002330 f i BlueEnemy.obj
 0001:00001390       ??0exception@std@@QEAA@AEBV01@@Z 0000000140002390 f i BlueEnemy.obj
 0001:00001410       ??0exception@std@@QEAA@QEBDH@Z 0000000140002410 f i BlueEnemy.obj
 0001:00001490       ??0sentry@?$basic_ostream@DU?$char_traits@D@std@@@std@@QEAA@AEAV12@@Z 0000000140002490 f i BlueEnemy.obj
 0001:00001590       ??1?$_Compressed_pair@V?$allocator@D@std@@V?$_String_val@U?$_Simple_types@D@std@@@2@$00@std@@QEAA@XZ 0000000140002590 f i BlueEnemy.obj
 0001:000015d0       ??1?$_Container_proxy_ptr12@V?$allocator@U_Container_proxy@std@@@std@@@std@@QEAA@XZ 00000001400025d0 f i BlueEnemy.obj
 0001:00001630       ??1?$_String_val@U?$_Simple_types@D@std@@@std@@QEAA@XZ 0000000140002630 f i BlueEnemy.obj
 0001:00001670       ??1?$basic_string@DU?$char_traits@D@std@@V?$allocator@D@2@@std@@QEAA@XZ 0000000140002670 f i BlueEnemy.obj
 0001:00001730       ??1BlueEnemy@@UEAA@XZ      0000000140002730 f   BlueEnemy.obj
 0001:000017b0       ??1_Bxty@?$_String_val@U?$_Simple_types@D@std@@@std@@QEAA@XZ 00000001400027b0 f i BlueEnemy.obj
 0001:000017e0       ??1_Sentry_base@?$basic_ostream@DU?$char_traits@D@std@@@std@@QEAA@XZ 00000001400027e0 f i BlueEnemy.obj
 0001:00001860       ??1bad_cast@std@@UEAA@XZ   0000000140002860 f i Game.obj
 0001:00001860       ??1bad_alloc@std@@UEAA@XZ  0000000140002860 f i BlueEnemy.obj
 0001:00001890       ??1bad_array_new_length@std@@UEAA@XZ 0000000140002890 f i BlueEnemy.obj
 0001:000018c0       ??1exception@std@@UEAA@XZ  00000001400028c0 f i BlueEnemy.obj
 0001:00001910       ??1sentry@?$basic_ostream@DU?$char_traits@D@std@@@std@@QEAA@XZ 0000000140002910 f i BlueEnemy.obj
 0001:00001990       ??2@YAPEAX_KPEAX@Z         0000000140002990 f i BlueEnemy.obj
 0001:000019d0       ??Bsentry@?$basic_ostream@DU?$char_traits@D@std@@@std@@QEBA_NXZ 00000001400029d0 f i BlueEnemy.obj
 0001:00001a10       ??R<lambda_66f57f934f28d61049862f64df852ff0>@@QEBAXQEAD_KQEBD@Z 0000000140002a10 f i BlueEnemy.obj
 0001:00001a90       ??_GBlueEnemy@@UEAAPEAXI@Z 0000000140002a90 f i BlueEnemy.obj
 0001:00001a90       ??_EBlueEnemy@@UEAAPEAXI@Z 0000000140002a90 f i BlueEnemy.obj
 0001:00001af0       ??_Gbad_cast@std@@UEAAPEAXI@Z 0000000140002af0 f i Game.obj
 0001:00001af0       ??_Gbad_alloc@std@@UEAAPEAXI@Z 0000000140002af0 f i BlueEnemy.obj
 0001:00001af0       ??_Ebad_alloc@std@@UEAAPEAXI@Z 0000000140002af0 f i BlueEnemy.obj
 0001:00001af0       ??_Ebad_cast@std@@UEAAPEAXI@Z 0000000140002af0 f i Game.obj
 0001:00001b50       ??_Ebad_array_new_length@std@@UEAAPEAXI@Z 0000000140002b50 f i BlueEnemy.obj
 0001:00001b50       ??_Gbad_array_new_length@std@@UEAAPEAXI@Z 0000000140002b50 f i BlueEnemy.obj
 0001:00001bb0       ??_Eexception@std@@UEAAPEAXI@Z 0000000140002bb0 f i BlueEnemy.obj
 0001:00001bb0       ??_Gexception@std@@UEAAPEAXI@Z 0000000140002bb0 f i BlueEnemy.obj
 0001:00001c10       ?_Adjust_manually_vector_aligned@std@@YAXAEAPEAXAEA_K@Z 0000000140002c10 f i BlueEnemy.obj
 0001:00001dd0       ?_Allocate@_Default_allocate_traits@std@@SAPEAX_K@Z 0000000140002dd0 f i BlueEnemy.obj
 0001:00001e10       ?_Calculate_growth@?$basic_string@DU?$char_traits@D@std@@V?$allocator@D@2@@std@@AEBA_K_K@Z 0000000140002e10 f i BlueEnemy.obj
 0001:00001e70       ?_Calculate_growth@?$basic_string@DU?$char_traits@D@std@@V?$allocator@D@2@@std@@CA_K_K00@Z 0000000140002e70 f i BlueEnemy.obj
 0001:00001f60       ?_Getal@?$basic_string@DU?$char_traits@D@std@@V?$allocator@D@2@@std@@AEAAAEAV?$allocator@D@2@XZ 0000000140002f60 f i BlueEnemy.obj
 0001:00001f60       ?_Getal@?$basic_string@DU?$char_traits@D@std@@V?$allocator@D@2@@std@@AEBAAEBV?$allocator@D@2@XZ 0000000140002f60 f i BlueEnemy.obj
 0001:00001fa0       ?_Large_string_engaged@?$_String_val@U?$_Simple_types@D@std@@@std@@QEBA_NXZ 0000000140002fa0 f i BlueEnemy.obj
 0001:00002000       ?_Myptr@?$_String_val@U?$_Simple_types@D@std@@@std@@QEAAPEADXZ 0000000140003000 f i BlueEnemy.obj
 0001:00002070       ?_Orphan_all@_Container_base12@std@@QEAAXXZ 0000000140003070 f i BlueEnemy.obj
 0001:00002150       ?_Release@_Basic_container_proxy_ptr12@std@@QEAAXXZ 0000000140003150 f i BlueEnemy.obj
 0001:00002190       ?_Throw_bad_array_new_length@std@@YAXXZ 0000000140003190 f i BlueEnemy.obj
 0001:000021e0       ?_Tidy_deallocate@?$basic_string@DU?$char_traits@D@std@@V?$allocator@D@2@@std@@AEAAXXZ 00000001400031e0 f i BlueEnemy.obj
 0001:000022c0       ?_Tidy_init@?$basic_string@DU?$char_traits@D@std@@V?$allocator@D@2@@std@@AEAAXXZ 00000001400032c0 f i BlueEnemy.obj
 0001:00002330       ?_Xlen_string@std@@YAXXZ   0000000140003330 f i BlueEnemy.obj
 0001:00002370       ?__empty_global_delete@@YAXPEAX_K@Z 0000000140003370 f i BlueEnemy.obj
 0001:00002370       ?__global_delete@@YAXPEAX_K@Z 0000000140003370 f i BlueEnemy.obj
 0001:000023b0       ?allocate@?$allocator@D@std@@QEAAPEAD_K@Z 00000001400033b0 f i BlueEnemy.obj
 0001:00002400       ?allocate@?$allocator@U_Container_proxy@std@@@std@@QEAAPEAU_Container_proxy@2@_K@Z 0000000140003400 f i BlueEnemy.obj
 0001:00002450       ?assign@?$_Narrow_char_traits@DH@std@@SAXAEADAEBD@Z 0000000140003450 f i BlueEnemy.obj
 0001:000024a0       ?assign@?$basic_string@DU?$char_traits@D@std@@V?$allocator@D@2@@std@@QEAAAEAV12@QEBD@Z 00000001400034a0 f i BlueEnemy.obj
 0001:00002500       ?assign@?$basic_string@DU?$char_traits@D@std@@V?$allocator@D@2@@std@@QEAAAEAV12@QEBD_K@Z 0000000140003500 f i BlueEnemy.obj
 0001:000025e0       ?copy@?$_Char_traits@DH@std@@SAPEADQEADQEBD_K@Z 00000001400035e0 f i BlueEnemy.obj
 0001:00002640       ?deallocate@?$_Default_allocator_traits@V?$allocator@U_Container_proxy@std@@@std@@@std@@SAXAEAV?$allocator@U_Container_proxy@std@@@2@QEAU_Container_proxy@2@_K@Z 0000000140003640 f i BlueEnemy.obj
 0001:00002690       ?deallocate@?$allocator@D@std@@QEAAXQEAD_K@Z 0000000140003690 f i BlueEnemy.obj
 0001:000026e0       ?eof@?$_Narrow_char_traits@DH@std@@SAHXZ 00000001400036e0 f i BlueEnemy.obj
 0001:00002710       ?eq_int_type@?$_Narrow_char_traits@DH@std@@SA_NAEBH0@Z 0000000140003710 f i BlueEnemy.obj
 0001:00002770       ?getBounds@BlueEnemy@@QEBA?BV?$Rect@M@sf@@XZ 0000000140003770 f   BlueEnemy.obj
 0001:000027d0       ?getDamage@BlueEnemy@@QEBAAEBHXZ 00000001400037d0 f   BlueEnemy.obj
 0001:00002810       ?getPoints@BlueEnemy@@QEBAAEBHXZ 0000000140003810 f   BlueEnemy.obj
 0001:00002860       ?initialAnimations@BlueEnemy@@AEAAXXZ 0000000140003860 f   BlueEnemy.obj
 0001:000028b0       ?initialSprite@BlueEnemy@@AEAAXXZ 00000001400038b0 f   BlueEnemy.obj
 0001:00002980       ?initialTexture@BlueEnemy@@AEAAXXZ 0000000140003980 f   BlueEnemy.obj
 0001:00002a40       ?initialVariables@BlueEnemy@@AEAAXXZ 0000000140003a40 f   BlueEnemy.obj
 0001:00002b10       ?length@?$_Narrow_char_traits@DH@std@@SA_KQEBD@Z 0000000140003b10 f i BlueEnemy.obj
 0001:00002b70       ?max@?$numeric_limits@_J@std@@SA_JXZ 0000000140003b70 f i BlueEnemy.obj
 0001:00002bb0       ?max_size@?$_Default_allocator_traits@V?$allocator@D@std@@@std@@SA_KAEBV?$allocator@D@2@@Z 0000000140003bb0 f i BlueEnemy.obj
 0001:00002bf0       ?max_size@?$basic_string@DU?$char_traits@D@std@@V?$allocator@D@2@@std@@QEBA_KXZ 0000000140003bf0 f i BlueEnemy.obj
 0001:00002cc0       ?move@?$_Char_traits@DH@std@@SAPEADQEADQEBD_K@Z 0000000140003cc0 f i BlueEnemy.obj
 0001:00002d20       ?render@BlueEnemy@@QEAAXAEAVRenderTarget@sf@@@Z 0000000140003d20 f   BlueEnemy.obj
 0001:00002d80       ?update@BlueEnemy@@QEAAXXZ 0000000140003d80 f   BlueEnemy.obj
 0001:00002dd0       ?updateAnimations@BlueEnemy@@QEAAXXZ 0000000140003dd0 f   BlueEnemy.obj
 0001:00002ee0       ?updateMovement@BlueEnemy@@QEAAXXZ 0000000140003ee0 f   BlueEnemy.obj
 0001:00002f70       ?what@exception@std@@UEBAPEBDXZ 0000000140003f70 f i BlueEnemy.obj
 0001:00002fd0       ??$?DM@sf@@YA?AV?$Vector2@M@0@MAEBV10@@Z 0000000140003fd0 f i Bullet.obj
 0001:00003040       ??0?$Vector2@M@sf@@QEAA@MM@Z 0000000140004040 f i Bullet.obj
 0001:000030a0       ??0?$Vector2@M@sf@@QEAA@XZ 00000001400040a0 f i Bullet.obj
 0001:000030f0       ??0Bullet@@QEAA@PEAVTexture@sf@@MMMMM@Z 00000001400040f0 f   Bullet.obj
 0001:000031e0       ??1Bullet@@UEAA@XZ         00000001400041e0 f   Bullet.obj
 0001:00003240       ??_GBullet@@UEAAPEAXI@Z    0000000140004240 f i Bullet.obj
 0001:00003240       ??_EBullet@@UEAAPEAXI@Z    0000000140004240 f i Bullet.obj
 0001:000032a0       ?getBounds@Bullet@@QEBA?BV?$Rect@M@sf@@XZ 00000001400042a0 f   Bullet.obj
 0001:00003300       ?render@Bullet@@QEAAXPEAVRenderTarget@sf@@@Z 0000000140004300 f   Bullet.obj
 0001:00003360       ?update@Bullet@@QEAAXXZ    0000000140004360 f   Bullet.obj
 0001:000033d0       ??0Enemies@@QEAA@MM@Z      00000001400043d0 f   Enemies.obj
 0001:000034b0       ??1Enemies@@UEAA@XZ        00000001400044b0 f   Enemies.obj
 0001:00003530       ??_EEnemies@@UEAAPEAXI@Z   0000000140004530 f i Enemies.obj
 0001:00003530       ??_GEnemies@@UEAAPEAXI@Z   0000000140004530 f i Enemies.obj
 0001:00003590       ?getBounds@Enemies@@QEBA?BV?$Rect@M@sf@@XZ 0000000140004590 f   Enemies.obj
 0001:000035f0       ?getDamage@Enemies@@QEBAAEBHXZ 00000001400045f0 f   Enemies.obj
 0001:00003630       ?getPoints@Enemies@@QEBAAEBHXZ 0000000140004630 f   Enemies.obj
 0001:00003670       ?initialSprite@Enemies@@AEAAXXZ 0000000140004670 f   Enemies.obj
 0001:000036f0       ?initialTexture@Enemies@@AEAAXXZ 00000001400046f0 f   Enemies.obj
 0001:000037b0       ?initialVariables@Enemies@@AEAAXXZ 00000001400047b0 f   Enemies.obj
 0001:00003870       ?render@Enemies@@QEAAXAEAVRenderTarget@sf@@@Z 0000000140004870 f   Enemies.obj
 0001:000038d0       ?update@Enemies@@QEAAXXZ   00000001400048d0 f   Enemies.obj
 0001:00003930       ??$?0$$QEAV?$basic_string@DU?$char_traits@D@std@@V?$allocator@D@2@@std@@$$Z$$V@?$pair@$$CBV?$basic_string@DU?$char_traits@D@std@@V?$allocator@D@2@@std@@PEAVTexture@sf@@@std@@QEAA@Upiecewise_construct_t@1@V?$tuple@$$QEAV?$basic_string@DU?$char_traits@D@std@@V?$allocator@D@2@@std@@@1@V?$tuple@$$V@1@@Z 0000000140004930 f i Game.obj
 0001:000039c0       ??$?0$$V@?$_Compressed_pair@V?$allocator@PEAVBlueEnemy@@@std@@V?$_Vector_val@U?$_Simple_types@PEAVBlueEnemy@@@std@@@2@$00@std@@QEAA@U_Zero_then_variadic_args_t@1@@Z 00000001400049c0 f i Game.obj
 0001:000039c0       ??$?0$$V@?$_Compressed_pair@V?$allocator@PEAVEnemies@@@std@@V?$_Vector_val@U?$_Simple_types@PEAVEnemies@@@std@@@2@$00@std@@QEAA@U_Zero_then_variadic_args_t@1@@Z 00000001400049c0 f i Game.obj
 0001:000039c0       ??$?0$$V@?$_Compressed_pair@V?$allocator@PEAVShield@@@std@@V?$_Vector_val@U?$_Simple_types@PEAVShield@@@std@@@2@$00@std@@QEAA@U_Zero_then_variadic_args_t@1@@Z 00000001400049c0 f i Game.obj
 0001:000039c0       ??$?0$$V@?$_Compressed_pair@V?$allocator@PEAVRedEnemy@@@std@@V?$_Vector_val@U?$_Simple_types@PEAVRedEnemy@@@std@@@2@$00@std@@QEAA@U_Zero_then_variadic_args_t@1@@Z 00000001400049c0 f i Game.obj
 0001:000039c0       ??$?0$$V@?$_Compressed_pair@V?$allocator@V?$vector@V?$basic_string@DU?$char_traits@D@std@@V?$allocator@D@2@@std@@V?$allocator@V?$basic_string@DU?$char_traits@D@std@@V?$allocator@D@2@@std@@@2@@std@@@std@@V?$_Vector_val@U?$_Simple_types@V?$vector@V?$basic_string@DU?$char_traits@D@std@@V?$allocator@D@2@@std@@V?$allocator@V?$basic_string@DU?$char_traits@D@std@@V?$allocator@D@2@@std@@@2@@std@@@std@@@2@$00@std@@QEAA@U_Zero_then_variadic_args_t@1@@Z 00000001400049c0 f i Game.obj
 0001:000039c0       ??$?0$$V@?$_Compressed_pair@V?$allocator@PEAVBullet@@@std@@V?$_Vector_val@U?$_Simple_types@PEAVBullet@@@std@@@2@$00@std@@QEAA@U_Zero_then_variadic_args_t@1@@Z 00000001400049c0 f i Game.obj
 0001:000039c0       ??$?0$$V@?$_Compressed_pair@V?$allocator@PEAVPotion@@@std@@V?$_Vector_val@U?$_Simple_types@PEAVPotion@@@std@@@2@$00@std@@QEAA@U_Zero_then_variadic_args_t@1@@Z 00000001400049c0 f i Game.obj
 0001:000039c0       ??$?0$$V@?$_Compressed_pair@V?$allocator@V?$basic_string@DU?$char_traits@D@std@@V?$allocator@D@2@@std@@@std@@V?$_Vector_val@U?$_Simple_types@V?$basic_string@DU?$char_traits@D@std@@V?$allocator@D@2@@std@@@std@@@2@$00@std@@QEAA@U_Zero_then_variadic_args_t@1@@Z 00000001400049c0 f i Game.obj
 0001:00003a10       ??$?0$$V@?$_Compressed_pair@V?$allocator@U?$_Tree_node@U?$pair@$$CBV?$basic_string@DU?$char_traits@D@std@@V?$allocator@D@2@@std@@PEAVTexture@sf@@@std@@PEAX@std@@@std@@V?$_Tree_val@U?$_Tree_simple_types@U?$pair@$$CBV?$basic_string@DU?$char_traits@D@std@@V?$allocator@D@2@@std@@PEAVTexture@sf@@@std@@@std@@@2@$00@std@@QEAA@U_Zero_then_variadic_args_t@1@@Z 0000000140004a10 f i Game.obj
 0001:00003b20       ??$?0AEAPEAV_Facet_base@std@@@?$_Compressed_pair@U?$default_delete@V_Facet_base@std@@@std@@PEAV_Facet_base@2@$00@std@@QEAA@U_Zero_then_variadic_args_t@1@AEAPEAV_Facet_base@1@@Z 0000000140004b20 f i Game.obj
 0001:00003b80       ??$?0V?$allocator@D@std@@$$V@?$_Compressed_pair@V?$allocator@D@std@@V?$_String_val@U?$_Simple_types@D@std@@@2@$00@std@@QEAA@U_One_then_variadic_args_t@1@$$QEAV?$allocator@D@1@@Z 0000000140004b80 f i Game.obj
 0001:00003b80       ??$?0AEBV?$allocator@D@std@@$$V@?$_Compressed_pair@V?$allocator@D@std@@V?$_String_val@U?$_Simple_types@D@std@@@2@$00@std@@QEAA@U_One_then_variadic_args_t@1@AEBV?$allocator@D@1@@Z 0000000140004b80 f i Game.obj
 0001:00003b80       ??$?0AEAV?$allocator@D@std@@$$V@?$_Compressed_pair@V?$allocator@D@std@@V?$_String_val@U?$_Simple_types@D@std@@@2@$00@std@@QEAA@U_One_then_variadic_args_t@1@AEAV?$allocator@D@1@@Z 0000000140004b80 f i Game.obj
 0001:00003be0       ??$?0AEBQEAU?$_Tree_node@U?$pair@$$CBV?$basic_string@DU?$char_traits@D@std@@V?$allocator@D@2@@std@@PEAVTexture@sf@@@std@@PEAX@std@@_N$0A@@?$pair@PEAU?$_Tree_node@U?$pair@$$CBV?$basic_string@DU?$char_traits@D@std@@V?$allocator@D@2@@std@@PEAVTexture@sf@@@std@@PEAX@std@@_N@std@@QEAA@AEBQEAU?$_Tree_node@U?$pair@$$CBV?$basic_string@DU?$char_traits@D@std@@V?$allocator@D@2@@std@@PEAVTexture@sf@@@std@@PEAX@1@$$QEA_N@Z 0000000140004be0 f i Game.obj
 0001:00003be0       ??$?0PEAU?$_Tree_node@U?$pair@$$CBV?$basic_string@DU?$char_traits@D@std@@V?$allocator@D@2@@std@@PEAVTexture@sf@@@std@@PEAX@std@@_N$0A@@?$pair@PEAU?$_Tree_node@U?$pair@$$CBV?$basic_string@DU?$char_traits@D@std@@V?$allocator@D@2@@std@@PEAVTexture@sf@@@std@@PEAX@std@@_N@std@@QEAA@$$QEAPEAU?$_Tree_node@U?$pair@$$CBV?$basic_string@DU?$char_traits@D@std@@V?$allocator@D@2@@std@@PEAVTexture@sf@@@std@@PEAX@1@$$QEA_N@Z 0000000140004be0 f i Game.obj
 0001:00003c50       ??$?0AEBU?$less@V?$basic_string@DU?$char_traits@D@std@@V?$allocator@D@2@@std@@@std@@U_Zero_then_variadic_args_t@1@@?$_Compressed_pair@U?$less@V?$basic_string@DU?$char_traits@D@std@@V?$allocator@D@2@@std@@@std@@V?$_Compressed_pair@V?$allocator@U?$_Tree_node@U?$pair@$$CBV?$basic_string@DU?$char_traits@D@std@@V?$allocator@D@2@@std@@PEAVTexture@sf@@@std@@PEAX@std@@@std@@V?$_Tree_val@U?$_Tree_simple_types@U?$pair@$$CBV?$basic_string@DU?$char_traits@D@std@@V?$allocator@D@2@@std@@PEAVTexture@sf@@@std@@@std@@@2@$00@2@$00@std@@QEAA@U_One_then_variadic_args_t@1@AEBU?$less@V?$basic_string@DU?$char_traits@D@std@@V?$allocator@D@2@@std@@@1@$$QEAU_Zero_then_variadic_args_t@1@@Z 0000000140004c50 f i Game.obj
 0001:00003cc0       ??$?0AEBUpiecewise_construct_t@std@@V?$tuple@$$QEAV?$basic_string@DU?$char_traits@D@std@@V?$allocator@D@2@@std@@@1@V?$tuple@$$V@1@@?$_Tree_temp_node@V?$allocator@U?$_Tree_node@U?$pair@$$CBV?$basic_string@DU?$char_traits@D@std@@V?$allocator@D@2@@std@@PEAVTexture@sf@@@std@@PEAX@std@@@std@@@std@@QEAA@AEAV?$allocator@U?$_Tree_node@U?$pair@$$CBV?$basic_string@DU?$char_traits@D@std@@V?$allocator@D@2@@std@@PEAVTexture@sf@@@std@@PEAX@std@@@1@PEAU?$_Tree_node@U?$pair@$$CBV?$basic_string@DU?$char_traits@D@std@@V?$allocator@D@2@@std@@PEAVTexture@sf@@@std@@PEAX@1@AEBUpiecewise_construct_t@1@$$QEAV?$tuple@$$QEAV?$basic_string@DU?$char_traits@D@std@@V?$allocator@D@2@@std@@@1@$$QEAV?$tuple@$$V@1@@Z 0000000140004cc0 f i Game.obj
 0001:00003df0       ??$?0PEAD$0A@@?$basic_string@DU?$char_traits@D@std@@V?$allocator@D@2@@std@@QEAA@PEAD0AEBV?$allocator@D@1@@Z 0000000140004df0 f i Game.obj
 0001:00003f60       ??$?0U?$_Tree_node@U?$pair@$$CBV?$basic_string@DU?$char_traits@D@std@@V?$allocator@D@2@@std@@PEAVTexture@sf@@@std@@PEAX@std@@@?$allocator@U_Container_proxy@std@@@std@@QEAA@AEBV?$allocator@U?$_Tree_node@U?$pair@$$CBV?$basic_string@DU?$char_traits@D@std@@V?$allocator@D@2@@std@@PEAVTexture@sf@@@std@@PEAX@std@@@1@@Z 0000000140004f60 f i Game.obj
 0001:00003f60       ??$?0V?$vector@V?$basic_string@DU?$char_traits@D@std@@V?$allocator@D@2@@std@@V?$allocator@V?$basic_string@DU?$char_traits@D@std@@V?$allocator@D@2@@std@@@2@@std@@@?$allocator@U_Container_proxy@std@@@std@@QEAA@AEBV?$allocator@V?$vector@V?$basic_string@DU?$char_traits@D@std@@V?$allocator@D@2@@std@@V?$allocator@V?$basic_string@DU?$char_traits@D@std@@V?$allocator@D@2@@std@@@2@@std@@@1@@Z 0000000140004f60 f i Game.obj
 0001:00003f60       ??$?0V?$basic_string@DU?$char_traits@D@std@@V?$allocator@D@2@@std@@@?$allocator@U_Container_proxy@std@@@std@@QEAA@AEBV?$allocator@V?$basic_string@DU?$char_traits@D@std@@V?$allocator@D@2@@std@@@1@@Z 0000000140004f60 f i Game.obj
 0001:00003f60       ??$?0PEAVBlueEnemy@@@?$allocator@U_Container_proxy@std@@@std@@QEAA@AEBV?$allocator@PEAVBlueEnemy@@@1@@Z 0000000140004f60 f i Game.obj
 0001:00003f60       ??$?0PEAVEnemies@@@?$allocator@U_Container_proxy@std@@@std@@QEAA@AEBV?$allocator@PEAVEnemies@@@1@@Z 0000000140004f60 f i Game.obj
 0001:00003f60       ??$?0PEAVPotion@@@?$allocator@U_Container_proxy@std@@@std@@QEAA@AEBV?$allocator@PEAVPotion@@@1@@Z 0000000140004f60 f i Game.obj
 0001:00003f60       ??$?0PEAVShield@@@?$allocator@U_Container_proxy@std@@@std@@QEAA@AEBV?$allocator@PEAVShield@@@1@@Z 0000000140004f60 f i Game.obj
 0001:00003f60       ??$?0PEAVRedEnemy@@@?$allocator@U_Container_proxy@std@@@std@@QEAA@AEBV?$allocator@PEAVRedEnemy@@@1@@Z 0000000140004f60 f i Game.obj
 0001:00003f60       ??$?0PEAVBullet@@@?$allocator@U_Container_proxy@std@@@std@@QEAA@AEBV?$allocator@PEAVBullet@@@1@@Z 0000000140004f60 f i Game.obj
 0001:00003f60       ?select_on_container_copy_construction@?$_Default_allocator_traits@V?$allocator@D@std@@@std@@SA?AV?$allocator@D@2@AEBV32@@Z 0000000140004f60 f i Game.obj
 0001:00003f60       ?select_on_container_copy_construction@?$_Default_allocator_traits@V?$allocator@V?$basic_string@DU?$char_traits@D@std@@V?$allocator@D@2@@std@@@std@@@std@@SA?AV?$allocator@V?$basic_string@DU?$char_traits@D@std@@V?$allocator@D@2@@std@@@2@AEBV32@@Z 0000000140004f60 f i Game.obj
 0001:00003fa0       ??$?0U?$default_delete@V_Facet_base@std@@@std@@$0A@@?$unique_ptr@V_Facet_base@std@@U?$default_delete@V_Facet_base@std@@@2@@std@@QEAA@PEAV_Facet_base@1@@Z 0000000140004fa0 f i Game.obj
 0001:00004040       ??$?0U_Exact_args_t@std@@$0A@@?$tuple@$$V@std@@QEAA@U_Exact_args_t@1@@Z 0000000140005040 f i Game.obj
 0001:00004080       ??$?0U_Exact_args_t@std@@V?$basic_string@DU?$char_traits@D@std@@V?$allocator@D@2@@1@$$V$0A@@?$tuple@$$QEAV?$basic_string@DU?$char_traits@D@std@@V?$allocator@D@2@@std@@@std@@QEAA@U_Exact_args_t@1@$$QEAV?$basic_string@DU?$char_traits@D@std@@V?$allocator@D@2@@1@@Z 0000000140005080 f i Game.obj
 0001:000040f0       ??$?0V?$allocator@V?$basic_string@DU?$char_traits@D@std@@V?$allocator@D@2@@std@@@std@@$$V@?$_Compressed_pair@V?$allocator@V?$basic_string@DU?$char_traits@D@std@@V?$allocator@D@2@@std@@@std@@V?$_Vector_val@U?$_Simple_types@V?$basic_string@DU?$char_traits@D@std@@V?$allocator@D@2@@std@@@std@@@2@$00@std@@QEAA@U_One_then_variadic_args_t@1@$$QEAV?$allocator@V?$basic_string@DU?$char_traits@D@std@@V?$allocator@D@2@@std@@@1@@Z 00000001400050f0 f i Game.obj
 0001:00004150       ??$?0V?$basic_string@DU?$char_traits@D@std@@V?$allocator@D@2@@std@@$$V$0A@@?$tuple@$$QEAV?$basic_string@DU?$char_traits@D@std@@V?$allocator@D@2@@std@@@std@@QEAA@$$QEAV?$basic_string@DU?$char_traits@D@std@@V?$allocator@D@2@@1@@Z 0000000140005150 f i Game.obj
 0001:000041b0       ??$?0V?$basic_string@DU?$char_traits@D@std@@V?$allocator@D@2@@std@@@?$_Tuple_val@$$QEAV?$basic_string@DU?$char_traits@D@std@@V?$allocator@D@2@@std@@@std@@QEAA@$$QEAV?$basic_string@DU?$char_traits@D@std@@V?$allocator@D@2@@1@@Z 00000001400051b0 f i Game.obj
 0001:00004200       ??$?0V?$tuple@$$QEAV?$basic_string@DU?$char_traits@D@std@@V?$allocator@D@2@@std@@@std@@V?$tuple@$$V@1@$0A@$$Z$S@?$pair@$$CBV?$basic_string@DU?$char_traits@D@std@@V?$allocator@D@2@@std@@PEAVTexture@sf@@@std@@QEAA@AEAV?$tuple@$$QEAV?$basic_string@DU?$char_traits@D@std@@V?$allocator@D@2@@std@@@1@AEAV?$tuple@$$V@1@U?$integer_sequence@_K$0A@@1@U?$integer_sequence@_K$S@1@@Z 0000000140005200 f i Game.obj
 0001:00004270       ??$?5DU?$char_traits@D@std@@V?$allocator@D@1@@std@@YAAEAV?$basic_istream@DU?$char_traits@D@std@@@0@$$QEAV10@AEAV?$basic_string@DU?$char_traits@D@std@@V?$allocator@D@2@@0@@Z 0000000140005270 f i Game.obj
 0001:00004640       ??$?5DU?$char_traits@D@std@@V?$allocator@D@1@@std@@YAAEAV?$basic_istream@DU?$char_traits@D@std@@@0@AEAV10@AEAV?$basic_string@DU?$char_traits@D@std@@V?$allocator@D@2@@0@@Z 0000000140005640 f i Game.obj
 0001:00004690       ??$?6DU?$char_traits@D@std@@V?$allocator@D@1@@std@@YAAEAV?$basic_ostream@DU?$char_traits@D@std@@@0@AEAV10@AEBV?$basic_string@DU?$char_traits@D@std@@V?$allocator@D@2@@0@@Z 0000000140005690 f i Game.obj
 0001:00004700       ??$?HDU?$char_traits@D@std@@V?$allocator@D@1@@std@@YA?AV?$basic_string@DU?$char_traits@D@std@@V?$allocator@D@2@@0@$$QEAV10@0@Z 0000000140005700 f i Game.obj
 0001:00004810       ??$?HDU?$char_traits@D@std@@V?$allocator@D@1@@std@@YA?AV?$basic_string@DU?$char_traits@D@std@@V?$allocator@D@2@@0@$$QEAV10@QEBD@Z 0000000140005810 f i Game.obj
 0001:00004890       ??$?HDU?$char_traits@D@std@@V?$allocator@D@1@@std@@YA?AV?$basic_string@DU?$char_traits@D@std@@V?$allocator@D@2@@0@AEBV10@QEBD@Z 0000000140005890 f i Game.obj
 0001:00004980       ??$?MDU?$char_traits@D@std@@V?$allocator@D@1@@std@@YA_NAEBV?$basic_string@DU?$char_traits@D@std@@V?$allocator@D@2@@0@0@Z 0000000140005980 f i Game.obj
 0001:000049e0       ??$_Adl_verify_range@PEADPEAD@std@@YAXAEBQEAD0@Z 00000001400059e0 f i Game.obj
 0001:00004a80       ??$_Alloc_proxy@V?$allocator@U_Container_proxy@std@@@std@@@_Container_base12@std@@QEAAX$$QEAV?$allocator@U_Container_proxy@std@@@1@@Z 0000000140005a80 f i Game.obj
 0001:00004b10       ??$_Allocators_equal@V?$allocator@D@std@@@std@@YA_NAEBV?$allocator@D@0@0@Z 0000000140005b10 f i Game.obj
 0001:00004b50       ??$_Buyheadnode@V?$allocator@U?$_Tree_node@U?$pair@$$CBV?$basic_string@DU?$char_traits@D@std@@V?$allocator@D@2@@std@@PEAVTexture@sf@@@std@@PEAX@std@@@std@@@?$_Tree_node@U?$pair@$$CBV?$basic_string@DU?$char_traits@D@std@@V?$allocator@D@2@@std@@PEAVTexture@sf@@@std@@PEAX@std@@SAPEAU01@AEAV?$allocator@U?$_Tree_node@U?$pair@$$CBV?$basic_string@DU?$char_traits@D@std@@V?$allocator@D@2@@std@@PEAVTexture@sf@@@std@@PEAX@std@@@1@@Z 0000000140005b50 f i Game.obj
 0001:00004c20       ??$_Construct_in_place@PEAU?$_Tree_node@U?$pair@$$CBV?$basic_string@DU?$char_traits@D@std@@V?$allocator@D@2@@std@@PEAVTexture@sf@@@std@@PEAX@std@@AEAPEAU12@@std@@YAXAEAPEAU?$_Tree_node@U?$pair@$$CBV?$basic_string@DU?$char_traits@D@std@@V?$allocator@D@2@@std@@PEAVTexture@sf@@@std@@PEAX@0@0@Z 0000000140005c20 f i Game.obj
 0001:00004c20       ??$_Construct_in_place@PEAU?$_Tree_node@U?$pair@$$CBV?$basic_string@DU?$char_traits@D@std@@V?$allocator@D@2@@std@@PEAVTexture@sf@@@std@@PEAX@std@@AEBQEAU12@@std@@YAXAEAPEAU?$_Tree_node@U?$pair@$$CBV?$basic_string@DU?$char_traits@D@std@@V?$allocator@D@2@@std@@PEAVTexture@sf@@@std@@PEAX@0@AEBQEAU10@@Z 0000000140005c20 f i Game.obj
 0001:00004c90       ??$_Copy_memmove@PEAPEAVShield@@PEAPEAV1@@std@@YAPEAPEAVShield@@PEAPEAV1@00@Z 0000000140005c90 f i Game.obj
 0001:00004c90       ??$_Copy_memmove@PEAPEAVEnemies@@PEAPEAV1@@std@@YAPEAPEAVEnemies@@PEAPEAV1@00@Z 0000000140005c90 f i Game.obj
 0001:00004c90       ??$_Copy_memmove@PEAPEAVBullet@@PEAPEAV1@@std@@YAPEAPEAVBullet@@PEAPEAV1@00@Z 0000000140005c90 f i Game.obj
 0001:00004c90       ??$_Copy_memmove@PEAPEAVPotion@@PEAPEAV1@@std@@YAPEAPEAVPotion@@PEAPEAV1@00@Z 0000000140005c90 f i Game.obj
 0001:00004c90       ??$_Copy_memmove@PEAPEAVRedEnemy@@PEAPEAV1@@std@@YAPEAPEAVRedEnemy@@PEAPEAV1@00@Z 0000000140005c90 f i Game.obj
 0001:00004c90       ??$_Copy_memmove@PEAPEAVBlueEnemy@@PEAPEAV1@@std@@YAPEAPEAVBlueEnemy@@PEAPEAV1@00@Z 0000000140005c90 f i Game.obj
 0001:00004f10       ??$_Debug_lt_pred@AEBU?$less@V?$basic_string@DU?$char_traits@D@std@@V?$allocator@D@2@@std@@@std@@AEBV?$basic_string@DU?$char_traits@D@std@@V?$allocator@D@2@@2@AEBV32@$0A@@std@@YA_NAEBU?$less@V?$basic_string@DU?$char_traits@D@std@@V?$allocator@D@2@@std@@@0@AEBV?$basic_string@DU?$char_traits@D@std@@V?$allocator@D@2@@0@1@Z 0000000140005f10 f i Game.obj
 0001:00005010       ??$_Destroy_in_place@PEAU?$_Tree_node@U?$pair@$$CBV?$basic_string@DU?$char_traits@D@std@@V?$allocator@D@2@@std@@PEAVTexture@sf@@@std@@PEAX@std@@@std@@YAXAEAPEAU?$_Tree_node@U?$pair@$$CBV?$basic_string@DU?$char_traits@D@std@@V?$allocator@D@2@@std@@PEAVTexture@sf@@@std@@PEAX@0@@Z 0000000140006010 f i Game.obj
 0001:00005040       ??$_Destroy_range@V?$allocator@PEAVEnemies@@@std@@@std@@YAXPEAPEAVEnemies@@QEAPEAV1@AEAV?$allocator@PEAVEnemies@@@0@@Z 0000000140006040 f i Game.obj
 0001:00005040       ??$_Destroy_range@V?$allocator@PEAVBullet@@@std@@@std@@YAXPEAPEAVBullet@@QEAPEAV1@AEAV?$allocator@PEAVBullet@@@0@@Z 0000000140006040 f i Game.obj
 0001:00005040       ??$_Destroy_range@V?$allocator@PEAVPotion@@@std@@@std@@YAXPEAPEAVPotion@@QEAPEAV1@AEAV?$allocator@PEAVPotion@@@0@@Z 0000000140006040 f i Game.obj
 0001:00005040       ??$_Destroy_range@V?$allocator@PEAVRedEnemy@@@std@@@std@@YAXPEAPEAVRedEnemy@@QEAPEAV1@AEAV?$allocator@PEAVRedEnemy@@@0@@Z 0000000140006040 f i Game.obj
 0001:00005040       ??$_Destroy_range@V?$allocator@PEAVBlueEnemy@@@std@@@std@@YAXPEAPEAVBlueEnemy@@QEAPEAV1@AEAV?$allocator@PEAVBlueEnemy@@@0@@Z 0000000140006040 f i Game.obj
 0001:00005040       ??$_Destroy_range@V?$allocator@PEAVShield@@@std@@@std@@YAXPEAPEAVShield@@QEAPEAV1@AEAV?$allocator@PEAVShield@@@0@@Z 0000000140006040 f i Game.obj
 0001:000050f0       ??$_Destroy_range@V?$allocator@V?$basic_string@DU?$char_traits@D@std@@V?$allocator@D@2@@std@@@std@@@std@@YAXPEAV?$basic_string@DU?$char_traits@D@std@@V?$allocator@D@2@@0@QEAV10@AEAV?$allocator@V?$basic_string@DU?$char_traits@D@std@@V?$allocator@D@2@@std@@@0@@Z 00000001400060f0 f i Game.obj
 0001:00005160       ??$_Destroy_range@V?$allocator@V?$vector@V?$basic_string@DU?$char_traits@D@std@@V?$allocator@D@2@@std@@V?$allocator@V?$basic_string@DU?$char_traits@D@std@@V?$allocator@D@2@@std@@@2@@std@@@std@@@std@@YAXPEAV?$vector@V?$basic_string@DU?$char_traits@D@std@@V?$allocator@D@2@@std@@V?$allocator@V?$basic_string@DU?$char_traits@D@std@@V?$allocator@D@2@@std@@@2@@0@QEAV10@AEAV?$allocator@V?$vector@V?$basic_string@DU?$char_traits@D@std@@V?$allocator@D@2@@std@@V?$allocator@V?$basic_string@DU?$char_traits@D@std@@V?$allocator@D@2@@std@@@2@@std@@@0@@Z 0000000140006160 f i Game.obj
 0001:000051d0       ??$_Emplace_back@AEAV?$basic_string@DU?$char_traits@D@std@@V?$allocator@D@2@@std@@@?$_Uninitialized_backout_al@V?$allocator@V?$basic_string@DU?$char_traits@D@std@@V?$allocator@D@2@@std@@@std@@@std@@QEAAXAEAV?$basic_string@DU?$char_traits@D@std@@V?$allocator@D@2@@1@@Z 00000001400061d0 f i Game.obj
 0001:000052f0       ??$_Emplace_back@V?$basic_string@DU?$char_traits@D@std@@V?$allocator@D@2@@std@@@?$_Uninitialized_backout_al@V?$allocator@V?$basic_string@DU?$char_traits@D@std@@V?$allocator@D@2@@std@@@std@@@std@@QEAAX$$QEAV?$basic_string@DU?$char_traits@D@std@@V?$allocator@D@2@@1@@Z 00000001400062f0 f i Game.obj
 0001:00005380       ??$_Emplace_back@V?$vector@V?$basic_string@DU?$char_traits@D@std@@V?$allocator@D@2@@std@@V?$allocator@V?$basic_string@DU?$char_traits@D@std@@V?$allocator@D@2@@std@@@2@@std@@@?$_Uninitialized_backout_al@V?$allocator@V?$vector@V?$basic_string@DU?$char_traits@D@std@@V?$allocator@D@2@@std@@V?$allocator@V?$basic_string@DU?$char_traits@D@std@@V?$allocator@D@2@@std@@@2@@std@@@std@@@std@@QEAAX$$QEAV?$vector@V?$basic_string@DU?$char_traits@D@std@@V?$allocator@D@2@@std@@V?$allocator@V?$basic_string@DU?$char_traits@D@std@@V?$allocator@D@2@@std@@@2@@1@@Z 0000000140006380 f i Game.obj
 0001:000054e0       ??$_Emplace_back_with_unused_capacity@AEBV?$vector@V?$basic_string@DU?$char_traits@D@std@@V?$allocator@D@2@@std@@V?$allocator@V?$basic_string@DU?$char_traits@D@std@@V?$allocator@D@2@@std@@@2@@std@@@?$vector@V?$vector@V?$basic_string@DU?$char_traits@D@std@@V?$allocator@D@2@@std@@V?$allocator@V?$basic_string@DU?$char_traits@D@std@@V?$allocator@D@2@@std@@@2@@std@@V?$allocator@V?$vector@V?$basic_string@DU?$char_traits@D@std@@V?$allocator@D@2@@std@@V?$allocator@V?$basic_string@DU?$char_traits@D@std@@V?$allocator@D@2@@std@@@2@@std@@@2@@std@@AEAAXAEBV?$vector@V?$basic_string@DU?$char_traits@D@std@@V?$allocator@D@2@@std@@V?$allocator@V?$basic_string@DU?$char_traits@D@std@@V?$allocator@D@2@@std@@@2@@1@@Z 00000001400064e0 f i Game.obj
 0001:000055b0       ??$_Emplace_back_with_unused_capacity@PEAVBlueEnemy@@@?$vector@PEAVBlueEnemy@@V?$allocator@PEAVBlueEnemy@@@std@@@std@@AEAAX$$QEAPEAVBlueEnemy@@@Z 00000001400065b0 f i Game.obj
 0001:00005680       ??$_Emplace_back_with_unused_capacity@PEAVBullet@@@?$vector@PEAVBullet@@V?$allocator@PEAVBullet@@@std@@@std@@AEAAX$$QEAPEAVBullet@@@Z 0000000140006680 f i Game.obj
 0001:00005750       ??$_Emplace_back_with_unused_capacity@PEAVEnemies@@@?$vector@PEAVEnemies@@V?$allocator@PEAVEnemies@@@std@@@std@@AEAAX$$QEAPEAVEnemies@@@Z 0000000140006750 f i Game.obj
 0001:00005820       ??$_Emplace_back_with_unused_capacity@PEAVPotion@@@?$vector@PEAVPotion@@V?$allocator@PEAVPotion@@@std@@@std@@AEAAX$$QEAPEAVPotion@@@Z 0000000140006820 f i Game.obj
 0001:000058f0       ??$_Emplace_back_with_unused_capacity@PEAVRedEnemy@@@?$vector@PEAVRedEnemy@@V?$allocator@PEAVRedEnemy@@@std@@@std@@AEAAX$$QEAPEAVRedEnemy@@@Z 00000001400068f0 f i Game.obj
 0001:000059c0       ??$_Emplace_back_with_unused_capacity@PEAVShield@@@?$vector@PEAVShield@@V?$allocator@PEAVShield@@@std@@@std@@AEAAX$$QEAPEAVShield@@@Z 00000001400069c0 f i Game.obj
 0001:00005a90       ??$_Emplace_back_with_unused_capacity@V?$basic_string@DU?$char_traits@D@std@@V?$allocator@D@2@@std@@@?$vector@V?$basic_string@DU?$char_traits@D@std@@V?$allocator@D@2@@std@@V?$allocator@V?$basic_string@DU?$char_traits@D@std@@V?$allocator@D@2@@std@@@2@@std@@AEAAX$$QEAV?$basic_string@DU?$char_traits@D@std@@V?$allocator@D@2@@1@@Z 0000000140006a90 f i Game.obj
 0001:00005db0       ??$_Emplace_reallocate@AEBV?$vector@V?$basic_string@DU?$char_traits@D@std@@V?$allocator@D@2@@std@@V?$allocator@V?$basic_string@DU?$char_traits@D@std@@V?$allocator@D@2@@std@@@2@@std@@@?$vector@V?$vector@V?$basic_string@DU?$char_traits@D@std@@V?$allocator@D@2@@std@@V?$allocator@V?$basic_string@DU?$char_traits@D@std@@V?$allocator@D@2@@std@@@2@@std@@V?$allocator@V?$vector@V?$basic_string@DU?$char_traits@D@std@@V?$allocator@D@2@@std@@V?$allocator@V?$basic_string@DU?$char_traits@D@std@@V?$allocator@D@2@@std@@@2@@std@@@2@@std@@QEAAPEAV?$vector@V?$basic_string@DU?$char_traits@D@std@@V?$allocator@D@2@@std@@V?$allocator@V?$basic_string@DU?$char_traits@D@std@@V?$allocator@D@2@@std@@@2@@1@QEAV21@AEBV21@@Z 0000000140006db0 f i Game.obj
 0001:00005ff0       ??$_Emplace_reallocate@PEAVBullet@@@?$vector@PEAVBullet@@V?$allocator@PEAVBullet@@@std@@@std@@QEAAPEAPEAVBullet@@QEAPEAV2@$$QEAPEAV2@@Z 0000000140006ff0 f i Game.obj
 0001:00005ff0       ??$_Emplace_reallocate@PEAVRedEnemy@@@?$vector@PEAVRedEnemy@@V?$allocator@PEAVRedEnemy@@@std@@@std@@QEAAPEAPEAVRedEnemy@@QEAPEAV2@$$QEAPEAV2@@Z 0000000140006ff0 f i Game.obj
 0001:00005ff0       ??$_Emplace_reallocate@PEAVShield@@@?$vector@PEAVShield@@V?$allocator@PEAVShield@@@std@@@std@@QEAAPEAPEAVShield@@QEAPEAV2@$$QEAPEAV2@@Z 0000000140006ff0 f i Game.obj
 0001:00005ff0       ??$_Emplace_reallocate@PEAVBlueEnemy@@@?$vector@PEAVBlueEnemy@@V?$allocator@PEAVBlueEnemy@@@std@@@std@@QEAAPEAPEAVBlueEnemy@@QEAPEAV2@$$QEAPEAV2@@Z 0000000140006ff0 f i Game.obj
 0001:00005ff0       ??$_Emplace_reallocate@PEAVPotion@@@?$vector@PEAVPotion@@V?$allocator@PEAVPotion@@@std@@@std@@QEAAPEAPEAVPotion@@QEAPEAV2@$$QEAPEAV2@@Z 0000000140006ff0 f i Game.obj
 0001:00005ff0       ??$_Emplace_reallocate@PEAVEnemies@@@?$vector@PEAVEnemies@@V?$allocator@PEAVEnemies@@@std@@@std@@QEAAPEAPEAVEnemies@@QEAPEAV2@$$QEAPEAV2@@Z 0000000140006ff0 f i Game.obj
 0001:00006230       ??$_Emplace_reallocate@V?$basic_string@DU?$char_traits@D@std@@V?$allocator@D@2@@std@@@?$vector@V?$basic_string@DU?$char_traits@D@std@@V?$allocator@D@2@@std@@V?$allocator@V?$basic_string@DU?$char_traits@D@std@@V?$allocator@D@2@@std@@@2@@std@@QEAAPEAV?$basic_string@DU?$char_traits@D@std@@V?$allocator@D@2@@1@QEAV21@$$QEAV21@@Z 0000000140007230 f i Game.obj
 0001:00006480       ??$_Erase_head@V?$allocator@U?$_Tree_node@U?$pair@$$CBV?$basic_string@DU?$char_traits@D@std@@V?$allocator@D@2@@std@@PEAVTexture@sf@@@std@@PEAX@std@@@std@@@?$_Tree_val@U?$_Tree_simple_types@U?$pair@$$CBV?$basic_string@DU?$char_traits@D@std@@V?$allocator@D@2@@std@@PEAVTexture@sf@@@std@@@std@@@std@@QEAAXAEAV?$allocator@U?$_Tree_node@U?$pair@$$CBV?$basic_string@DU?$char_traits@D@std@@V?$allocator@D@2@@std@@PEAVTexture@sf@@@std@@PEAX@std@@@1@@Z 0000000140007480 f i Game.obj
 0001:000064f0       ??$_Erase_tree@V?$allocator@U?$_Tree_node@U?$pair@$$CBV?$basic_string@DU?$char_traits@D@std@@V?$allocator@D@2@@std@@PEAVTexture@sf@@@std@@PEAX@std@@@std@@@?$_Tree_val@U?$_Tree_simple_types@U?$pair@$$CBV?$basic_string@DU?$char_traits@D@std@@V?$allocator@D@2@@std@@PEAVTexture@sf@@@std@@@std@@@std@@QEAAXAEAV?$allocator@U?$_Tree_node@U?$pair@$$CBV?$basic_string@DU?$char_traits@D@std@@V?$allocator@D@2@@std@@PEAVTexture@sf@@@std@@PEAX@std@@@1@PEAU?$_Tree_node@U?$pair@$$CBV?$basic_string@DU?$char_traits@D@std@@V?$allocator@D@2@@std@@PEAVTexture@sf@@@std@@PEAX@1@@Z 00000001400074f0 f i Game.obj
 0001:00006570       ??$_Fgetc@D@std@@YA_NAEADPEAU_iobuf@@@Z 0000000140007570 f i Game.obj
 0001:000065d0       ??$_Find_lower_bound@V?$basic_string@DU?$char_traits@D@std@@V?$allocator@D@2@@std@@@?$_Tree@V?$_Tmap_traits@V?$basic_string@DU?$char_traits@D@std@@V?$allocator@D@2@@std@@PEAVTexture@sf@@U?$less@V?$basic_string@DU?$char_traits@D@std@@V?$allocator@D@2@@std@@@2@V?$allocator@U?$pair@$$CBV?$basic_string@DU?$char_traits@D@std@@V?$allocator@D@2@@std@@PEAVTexture@sf@@@std@@@2@$0A@@std@@@std@@IEBA?AU?$_Tree_find_result@PEAU?$_Tree_node@U?$pair@$$CBV?$basic_string@DU?$char_traits@D@std@@V?$allocator@D@2@@std@@PEAVTexture@sf@@@std@@PEAX@std@@@1@AEBV?$basic_string@DU?$char_traits@D@std@@V?$allocator@D@2@@1@@Z 00000001400075d0 f i Game.obj
 0001:00006750       ??$_Fputc@D@std@@YA_NDPEAU_iobuf@@@Z 0000000140007750 f i Game.obj
 0001:000067c0       ??$_Freenode0@V?$allocator@U?$_Tree_node@U?$pair@$$CBV?$basic_string@DU?$char_traits@D@std@@V?$allocator@D@2@@std@@PEAVTexture@sf@@@std@@PEAX@std@@@std@@@?$_Tree_node@U?$pair@$$CBV?$basic_string@DU?$char_traits@D@std@@V?$allocator@D@2@@std@@PEAVTexture@sf@@@std@@PEAX@std@@SAXAEAV?$allocator@U?$_Tree_node@U?$pair@$$CBV?$basic_string@DU?$char_traits@D@std@@V?$allocator@D@2@@std@@PEAVTexture@sf@@@std@@PEAX@std@@@1@PEAU01@@Z 00000001400077c0 f i Game.obj
 0001:00006840       ??$_Freenode@V?$allocator@U?$_Tree_node@U?$pair@$$CBV?$basic_string@DU?$char_traits@D@std@@V?$allocator@D@2@@std@@PEAVTexture@sf@@@std@@PEAX@std@@@std@@@?$_Tree_node@U?$pair@$$CBV?$basic_string@DU?$char_traits@D@std@@V?$allocator@D@2@@std@@PEAVTexture@sf@@@std@@PEAX@std@@SAXAEAV?$allocator@U?$_Tree_node@U?$pair@$$CBV?$basic_string@DU?$char_traits@D@std@@V?$allocator@D@2@@std@@PEAVTexture@sf@@@std@@PEAX@std@@@1@PEAU01@@Z 0000000140007840 f i Game.obj
 0001:000068b0       ??$_Get_size_of_n@$07@std@@YA_K_K@Z 00000001400078b0 f i Game.obj
 0001:00006920       ??$_Get_size_of_n@$0CA@@std@@YA_K_K@Z 0000000140007920 f i Game.obj
 0001:00006980       ??$_Get_size_of_n@$0CI@@std@@YA_K_K@Z 0000000140007980 f i Game.obj
 0001:000069e0       ??$_Get_size_of_n@$0DA@@std@@YA_K_K@Z 00000001400079e0 f i Game.obj
 0001:00006a40       ??$_Get_size_of_n@$0FA@@std@@YA_K_K@Z 0000000140007a40 f i Game.obj
 0001:00006aa0       ??$_Get_unwrapped@AEBQEAPEAVBullet@@@std@@YAPEAPEAVBullet@@AEBQEAPEAV1@@Z 0000000140007aa0 f i Game.obj
 0001:00006aa0       ??$_Get_unwrapped@AEBQEAPEAVRedEnemy@@@std@@YAPEAPEAVRedEnemy@@AEBQEAPEAV1@@Z 0000000140007aa0 f i Game.obj
 0001:00006aa0       ??$_Get_unwrapped@AEBQEAPEAVBlueEnemy@@@std@@YAPEAPEAVBlueEnemy@@AEBQEAPEAV1@@Z 0000000140007aa0 f i Game.obj
 0001:00006aa0       ??$_Get_unwrapped@AEBQEAPEAVEnemies@@@std@@YAPEAPEAVEnemies@@AEBQEAPEAV1@@Z 0000000140007aa0 f i Game.obj
 0001:00006aa0       ??$_Get_unwrapped@AEBQEAV?$vector@V?$basic_string@DU?$char_traits@D@std@@V?$allocator@D@2@@std@@V?$allocator@V?$basic_string@DU?$char_traits@D@std@@V?$allocator@D@2@@std@@@2@@std@@@std@@YAPEAV?$vector@V?$basic_string@DU?$char_traits@D@std@@V?$allocator@D@2@@std@@V?$allocator@V?$basic_string@DU?$char_traits@D@std@@V?$allocator@D@2@@std@@@2@@0@AEBQEAV10@@Z 0000000140007aa0 f i Game.obj
 0001:00006aa0       ??$_Get_unwrapped@AEBQEAPEAVShield@@@std@@YAPEAPEAVShield@@AEBQEAPEAV1@@Z 0000000140007aa0 f i Game.obj
 0001:00006aa0       ??$_Get_unwrapped@AEBQEAPEAVPotion@@@std@@YAPEAPEAVPotion@@AEBQEAPEAV1@@Z 0000000140007aa0 f i Game.obj
 0001:00006aa0       ??$_Get_unwrapped@AEAPEAD@std@@YAPEADAEAPEAD@Z 0000000140007aa0 f i Game.obj
 0001:00006aa0       ??$_Get_unwrapped@AEBQEAV?$basic_string@DU?$char_traits@D@std@@V?$allocator@D@2@@std@@@std@@YAPEAV?$basic_string@DU?$char_traits@D@std@@V?$allocator@D@2@@0@AEBQEAV10@@Z 0000000140007aa0 f i Game.obj
 0001:00006ce0       ??$_Insert_string@DU?$char_traits@D@std@@_K@std@@YAAEAV?$basic_ostream@DU?$char_traits@D@std@@@0@AEAV10@QEBD_K@Z 0000000140007ce0 f i Game.obj
 0001:000072d0       ??$_Integral_to_string@DH@std@@YA?AV?$basic_string@DU?$char_traits@D@std@@V?$allocator@D@2@@0@H@Z 00000001400082d0 f i Game.obj
 0001:000073f0       ??$_Kfn@$$CBV?$basic_string@DU?$char_traits@D@std@@V?$allocator@D@2@@std@@PEAVTexture@sf@@@?$_Tmap_traits@V?$basic_string@DU?$char_traits@D@std@@V?$allocator@D@2@@std@@PEAVTexture@sf@@U?$less@V?$basic_string@DU?$char_traits@D@std@@V?$allocator@D@2@@std@@@2@V?$allocator@U?$pair@$$CBV?$basic_string@DU?$char_traits@D@std@@V?$allocator@D@2@@std@@PEAVTexture@sf@@@std@@@2@$0A@@std@@SAAEBV?$basic_string@DU?$char_traits@D@std@@V?$allocator@D@2@@1@AEBU?$pair@$$CBV?$basic_string@DU?$char_traits@D@std@@V?$allocator@D@2@@std@@PEAVTexture@sf@@@1@@Z 00000001400083f0 f i Game.obj
 0001:00007430       ??$_Lower_bound_duplicate@V?$basic_string@DU?$char_traits@D@std@@V?$allocator@D@2@@std@@@?$_Tree@V?$_Tmap_traits@V?$basic_string@DU?$char_traits@D@std@@V?$allocator@D@2@@std@@PEAVTexture@sf@@U?$less@V?$basic_string@DU?$char_traits@D@std@@V?$allocator@D@2@@std@@@2@V?$allocator@U?$pair@$$CBV?$basic_string@DU?$char_traits@D@std@@V?$allocator@D@2@@std@@PEAVTexture@sf@@@std@@@2@$0A@@std@@@std@@IEBA_NQEAU?$_Tree_node@U?$pair@$$CBV?$basic_string@DU?$char_traits@D@std@@V?$allocator@D@2@@std@@PEAVTexture@sf@@@std@@PEAX@1@AEBV?$basic_string@DU?$char_traits@D@std@@V?$allocator@D@2@@1@@Z 0000000140008430 f i Game.obj
 0001:00007740       ??$_Move_unchecked@PEAPEAVBullet@@PEAPEAV1@@std@@YAPEAPEAVBullet@@PEAPEAV1@00@Z 0000000140008740 f i Game.obj
 0001:00007740       ??$_Move_unchecked@PEAPEAVEnemies@@PEAPEAV1@@std@@YAPEAPEAVEnemies@@PEAPEAV1@00@Z 0000000140008740 f i Game.obj
 0001:00007740       ??$_Move_unchecked@PEAPEAVShield@@PEAPEAV1@@std@@YAPEAPEAVShield@@PEAPEAV1@00@Z 0000000140008740 f i Game.obj
 0001:00007740       ??$_Move_unchecked@PEAPEAVRedEnemy@@PEAPEAV1@@std@@YAPEAPEAVRedEnemy@@PEAPEAV1@00@Z 0000000140008740 f i Game.obj
 0001:00007740       ??$_Move_unchecked@PEAPEAVPotion@@PEAPEAV1@@std@@YAPEAPEAVPotion@@PEAPEAV1@00@Z 0000000140008740 f i Game.obj
 0001:00007740       ??$_Move_unchecked@PEAPEAVBlueEnemy@@PEAPEAV1@@std@@YAPEAPEAVBlueEnemy@@PEAPEAV1@00@Z 0000000140008740 f i Game.obj
 0001:00007eb0       ??$_Pocca@V?$allocator@D@std@@@std@@YAXAEAV?$allocator@D@0@AEBV10@@Z 0000000140008eb0 f i Game.obj
 0001:00007eb0       ??$destroy@PEAVBlueEnemy@@@?$_Default_allocator_traits@V?$allocator@PEAVBlueEnemy@@@std@@@std@@SAXAEAV?$allocator@PEAVBlueEnemy@@@1@QEAPEAVBlueEnemy@@@Z 0000000140008eb0 f i Game.obj
 0001:00007eb0       ??$destroy@PEAVEnemies@@@?$_Default_allocator_traits@V?$allocator@PEAVEnemies@@@std@@@std@@SAXAEAV?$allocator@PEAVEnemies@@@1@QEAPEAVEnemies@@@Z 0000000140008eb0 f i Game.obj
 0001:00007eb0       ??$destroy@PEAVBullet@@@?$_Default_allocator_traits@V?$allocator@PEAVBullet@@@std@@@std@@SAXAEAV?$allocator@PEAVBullet@@@1@QEAPEAVBullet@@@Z 0000000140008eb0 f i Game.obj
 0001:00007eb0       ??$destroy@PEAVShield@@@?$_Default_allocator_traits@V?$allocator@PEAVShield@@@std@@@std@@SAXAEAV?$allocator@PEAVShield@@@1@QEAPEAVShield@@@Z 0000000140008eb0 f i Game.obj
 0001:00007eb0       ??$destroy@PEAVRedEnemy@@@?$_Default_allocator_traits@V?$allocator@PEAVRedEnemy@@@std@@@std@@SAXAEAV?$allocator@PEAVRedEnemy@@@1@QEAPEAVRedEnemy@@@Z 0000000140008eb0 f i Game.obj
 0001:00007eb0       ?_Adopt@_Iterator_base0@std@@QEAAXPEBX@Z 0000000140008eb0 f i Game.obj
 0001:00007eb0       ??$destroy@PEAVPotion@@@?$_Default_allocator_traits@V?$allocator@PEAVPotion@@@std@@@std@@SAXAEAV?$allocator@PEAVPotion@@@1@QEAPEAVPotion@@@Z 0000000140008eb0 f i Game.obj
 0001:00007ef0       ??$_Pocma@V?$allocator@D@std@@@std@@YAXAEAV?$allocator@D@0@0@Z 0000000140008ef0 f i Game.obj
 0001:000083f0       ??$_Reallocate_grow_by@V<lambda_319d5e083f45f90dcdce5dce53cbb275>@@D@?$basic_string@DU?$char_traits@D@std@@V?$allocator@D@2@@std@@AEAAAEAV01@_KV<lambda_319d5e083f45f90dcdce5dce53cbb275>@@D@Z 00000001400093f0 f i Game.obj
 0001:00008620       ??$_Reallocate_grow_by@V<lambda_65e615be2a453ca0576c979606f46740>@@PEBD_K@?$basic_string@DU?$char_traits@D@std@@V?$allocator@D@2@@std@@AEAAAEAV01@_KV<lambda_65e615be2a453ca0576c979606f46740>@@PEBD_K@Z 0000000140009620 f i Game.obj
 0001:00008ad0       ??$_Traits_compare@U?$char_traits@D@std@@@std@@YAHQEBD_K01@Z 0000000140009ad0 f i Game.obj
 0001:00008b70       ??$_Try_emplace@V?$basic_string@DU?$char_traits@D@std@@V?$allocator@D@2@@std@@$$V@?$map@V?$basic_string@DU?$char_traits@D@std@@V?$allocator@D@2@@std@@PEAVTexture@sf@@U?$less@V?$basic_string@DU?$char_traits@D@std@@V?$allocator@D@2@@std@@@2@V?$allocator@U?$pair@$$CBV?$basic_string@DU?$char_traits@D@std@@V?$allocator@D@2@@std@@PEAVTexture@sf@@@std@@@2@@std@@AEAA?AU?$pair@PEAU?$_Tree_node@U?$pair@$$CBV?$basic_string@DU?$char_traits@D@std@@V?$allocator@D@2@@std@@PEAVTexture@sf@@@std@@PEAX@std@@_N@1@$$QEAV?$basic_string@DU?$char_traits@D@std@@V?$allocator@D@2@@1@@Z 0000000140009b70 f i Game.obj
 0001:00008d80       ??$_UIntegral_to_buff@DI@std@@YAPEADPEADI@Z 0000000140009d80 f i Game.obj
 0001:00008e00       ??$_Ucopy@PEAV?$basic_string@DU?$char_traits@D@std@@V?$allocator@D@2@@std@@@?$vector@V?$basic_string@DU?$char_traits@D@std@@V?$allocator@D@2@@std@@V?$allocator@V?$basic_string@DU?$char_traits@D@std@@V?$allocator@D@2@@std@@@2@@std@@AEAAPEAV?$basic_string@DU?$char_traits@D@std@@V?$allocator@D@2@@1@PEAV21@00@Z 0000000140009e00 f i Game.obj
 0001:00008e60       ??$_Unfancy@PEAVEnemies@@@std@@YAPEAPEAVEnemies@@PEAPEAV1@@Z 0000000140009e60 f i Game.obj
 0001:00008e60       ??$addressof@V?$_String_val@U?$_Simple_types@D@std@@@std@@@std@@YAPEAV?$_String_val@U?$_Simple_types@D@std@@@0@AEAV10@@Z 0000000140009e60 f i Game.obj
 0001:00008e60       ??$addressof@$$CBV?$basic_string@DU?$char_traits@D@std@@V?$allocator@D@2@@std@@@std@@YAPEBV?$basic_string@DU?$char_traits@D@std@@V?$allocator@D@2@@0@AEBV10@@Z 0000000140009e60 f i Game.obj
 0001:00008e60       ??$_Unfancy@PEAVBlueEnemy@@@std@@YAPEAPEAVBlueEnemy@@PEAPEAV1@@Z 0000000140009e60 f i Game.obj
 0001:00008e60       ??$addressof@V?$basic_filebuf@DU?$char_traits@D@std@@@std@@@std@@YAPEAV?$basic_filebuf@DU?$char_traits@D@std@@@0@AEAV10@@Z 0000000140009e60 f i Game.obj
 0001:00008e60       ??$addressof@PEAU?$_Tree_node@U?$pair@$$CBV?$basic_string@DU?$char_traits@D@std@@V?$allocator@D@2@@std@@PEAVTexture@sf@@@std@@PEAX@std@@@std@@YAPEAPEAU?$_Tree_node@U?$pair@$$CBV?$basic_string@DU?$char_traits@D@std@@V?$allocator@D@2@@std@@PEAVTexture@sf@@@std@@PEAX@0@AEAPEAU10@@Z 0000000140009e60 f i Game.obj
 0001:00008e60       ??$addressof@V?$_Vector_val@U?$_Simple_types@PEAVShield@@@std@@@std@@@std@@YAPEAV?$_Vector_val@U?$_Simple_types@PEAVShield@@@std@@@0@AEAV10@@Z 0000000140009e60 f i Game.obj
 0001:00008e60       ??$addressof@V?$_Vector_val@U?$_Simple_types@PEAVBullet@@@std@@@std@@@std@@YAPEAV?$_Vector_val@U?$_Simple_types@PEAVBullet@@@std@@@0@AEAV10@@Z 0000000140009e60 f i Game.obj
 0001:00008e60       ??$addressof@V?$_Vector_val@U?$_Simple_types@PEAVBlueEnemy@@@std@@@std@@@std@@YAPEAV?$_Vector_val@U?$_Simple_types@PEAVBlueEnemy@@@std@@@0@AEAV10@@Z 0000000140009e60 f i Game.obj
 0001:00008e60       ??$_Unfancy@V?$basic_string@DU?$char_traits@D@std@@V?$allocator@D@2@@std@@@std@@YAPEAV?$basic_string@DU?$char_traits@D@std@@V?$allocator@D@2@@0@PEAV10@@Z 0000000140009e60 f i Game.obj
 0001:00008e60       ??$_Unfancy@PEAVRedEnemy@@@std@@YAPEAPEAVRedEnemy@@PEAPEAV1@@Z 0000000140009e60 f i Game.obj
 0001:00008e60       ??$addressof@V?$_Tree_val@U?$_Tree_simple_types@U?$pair@$$CBV?$basic_string@DU?$char_traits@D@std@@V?$allocator@D@2@@std@@PEAVTexture@sf@@@std@@@std@@@std@@@std@@YAPEAV?$_Tree_val@U?$_Tree_simple_types@U?$pair@$$CBV?$basic_string@DU?$char_traits@D@std@@V?$allocator@D@2@@std@@PEAVTexture@sf@@@std@@@std@@@0@AEAV10@@Z 0000000140009e60 f i Game.obj
 0001:00008e60       ??$addressof@U?$pair@$$CBV?$basic_string@DU?$char_traits@D@std@@V?$allocator@D@2@@std@@PEAVTexture@sf@@@std@@@std@@YAPEAU?$pair@$$CBV?$basic_string@DU?$char_traits@D@std@@V?$allocator@D@2@@std@@PEAVTexture@sf@@@0@AEAU10@@Z 0000000140009e60 f i Game.obj
 0001:00008e60       ??$addressof@$$CBV?$_String_val@U?$_Simple_types@D@std@@@std@@@std@@YAPEBV?$_String_val@U?$_Simple_types@D@std@@@0@AEBV10@@Z 0000000140009e60 f i Game.obj
 0001:00008e60       ??$addressof@V?$_Vector_val@U?$_Simple_types@PEAVPotion@@@std@@@std@@@std@@YAPEAV?$_Vector_val@U?$_Simple_types@PEAVPotion@@@std@@@0@AEAV10@@Z 0000000140009e60 f i Game.obj
 0001:00008e60       ??$_Unfancy@PEAVShield@@@std@@YAPEAPEAVShield@@PEAPEAV1@@Z 0000000140009e60 f i Game.obj
 0001:00008e60       ??$addressof@V?$basic_stringbuf@DU?$char_traits@D@std@@V?$allocator@D@2@@std@@@std@@YAPEAV?$basic_stringbuf@DU?$char_traits@D@std@@V?$allocator@D@2@@0@AEAV10@@Z 0000000140009e60 f i Game.obj
 0001:00008e60       ??$addressof@V?$basic_string@DU?$char_traits@D@std@@V?$allocator@D@2@@std@@@std@@YAPEAV?$basic_string@DU?$char_traits@D@std@@V?$allocator@D@2@@0@AEAV10@@Z 0000000140009e60 f i Game.obj
 0001:00008e60       ??$_Unfancy@V?$vector@V?$basic_string@DU?$char_traits@D@std@@V?$allocator@D@2@@std@@V?$allocator@V?$basic_string@DU?$char_traits@D@std@@V?$allocator@D@2@@std@@@2@@std@@@std@@YAPEAV?$vector@V?$basic_string@DU?$char_traits@D@std@@V?$allocator@D@2@@std@@V?$allocator@V?$basic_string@DU?$char_traits@D@std@@V?$allocator@D@2@@std@@@2@@0@PEAV10@@Z 0000000140009e60 f i Game.obj
 0001:00008e60       ??$addressof@$$CBV?$_Tree_val@U?$_Tree_simple_types@U?$pair@$$CBV?$basic_string@DU?$char_traits@D@std@@V?$allocator@D@2@@std@@PEAVTexture@sf@@@std@@@std@@@std@@@std@@YAPEBV?$_Tree_val@U?$_Tree_simple_types@U?$pair@$$CBV?$basic_string@DU?$char_traits@D@std@@V?$allocator@D@2@@std@@PEAVTexture@sf@@@std@@@std@@@0@AEBV10@@Z 0000000140009e60 f i Game.obj
 0001:00008e60       ??$_Unfancy@PEAVBullet@@@std@@YAPEAPEAVBullet@@PEAPEAV1@@Z 0000000140009e60 f i Game.obj
 0001:00008e60       ??$addressof@V?$_Vector_val@U?$_Simple_types@PEAVRedEnemy@@@std@@@std@@@std@@YAPEAV?$_Vector_val@U?$_Simple_types@PEAVRedEnemy@@@std@@@0@AEAV10@@Z 0000000140009e60 f i Game.obj
 0001:00008e60       ??$addressof@V?$_Vector_val@U?$_Simple_types@PEAVEnemies@@@std@@@std@@@std@@YAPEAV?$_Vector_val@U?$_Simple_types@PEAVEnemies@@@std@@@0@AEAV10@@Z 0000000140009e60 f i Game.obj
 0001:00008e60       ??$addressof@$$CBV?$codecvt@DDU_Mbstatet@@@std@@@std@@YAPEBV?$codecvt@DDU_Mbstatet@@@0@AEBV10@@Z 0000000140009e60 f i Game.obj
 0001:00008e60       ??$_Unfancy@PEAVPotion@@@std@@YAPEAPEAVPotion@@PEAPEAV1@@Z 0000000140009e60 f i Game.obj
 0001:00008e60       ??$addressof@D@std@@YAPEADAEAD@Z 0000000140009e60 f i Game.obj
 0001:00008ee0       ??$_Ungetc@D@std@@YA_NAEBDPEAU_iobuf@@@Z 0000000140009ee0 f i Game.obj
 0001:00008f50       ??$_Uninitialized_copy@PEAV?$basic_string@DU?$char_traits@D@std@@V?$allocator@D@2@@std@@V?$allocator@V?$basic_string@DU?$char_traits@D@std@@V?$allocator@D@2@@std@@@2@@std@@YAPEAV?$basic_string@DU?$char_traits@D@std@@V?$allocator@D@2@@0@QEAV10@0PEAV10@AEAV?$allocator@V?$basic_string@DU?$char_traits@D@std@@V?$allocator@D@2@@std@@@0@@Z 0000000140009f50 f i Game.obj
 0001:00009070       ??$_Uninitialized_move@PEAPEAVRedEnemy@@V?$allocator@PEAVRedEnemy@@@std@@@std@@YAPEAPEAVRedEnemy@@QEAPEAV1@0PEAPEAV1@AEAV?$allocator@PEAVRedEnemy@@@0@@Z 000000014000a070 f i Game.obj
 0001:00009070       ??$_Uninitialized_move@PEAPEAVBullet@@V?$allocator@PEAVBullet@@@std@@@std@@YAPEAPEAVBullet@@QEAPEAV1@0PEAPEAV1@AEAV?$allocator@PEAVBullet@@@0@@Z 000000014000a070 f i Game.obj
 0001:00009070       ??$_Uninitialized_move@PEAPEAVEnemies@@V?$allocator@PEAVEnemies@@@std@@@std@@YAPEAPEAVEnemies@@QEAPEAV1@0PEAPEAV1@AEAV?$allocator@PEAVEnemies@@@0@@Z 000000014000a070 f i Game.obj
 0001:00009070       ??$_Uninitialized_move@PEAPEAVShield@@V?$allocator@PEAVShield@@@std@@@std@@YAPEAPEAVShield@@QEAPEAV1@0PEAPEAV1@AEAV?$allocator@PEAVShield@@@0@@Z 000000014000a070 f i Game.obj
 0001:00009070       ??$_Uninitialized_move@PEAPEAVBlueEnemy@@V?$allocator@PEAVBlueEnemy@@@std@@@std@@YAPEAPEAVBlueEnemy@@QEAPEAV1@0PEAPEAV1@AEAV?$allocator@PEAVBlueEnemy@@@0@@Z 000000014000a070 f i Game.obj
 0001:00009070       ??$_Uninitialized_move@PEAPEAVPotion@@V?$allocator@PEAVPotion@@@std@@@std@@YAPEAPEAVPotion@@QEAPEAV1@0PEAPEAV1@AEAV?$allocator@PEAVPotion@@@0@@Z 000000014000a070 f i Game.obj
 0001:00009230       ??$_Uninitialized_move@PEAV?$basic_string@DU?$char_traits@D@std@@V?$allocator@D@2@@std@@V?$allocator@V?$basic_string@DU?$char_traits@D@std@@V?$allocator@D@2@@std@@@2@@std@@YAPEAV?$basic_string@DU?$char_traits@D@std@@V?$allocator@D@2@@0@QEAV10@0PEAV10@AEAV?$allocator@V?$basic_string@DU?$char_traits@D@std@@V?$allocator@D@2@@std@@@0@@Z 000000014000a230 f i Game.obj
 0001:00009350       ??$_Uninitialized_move@PEAV?$vector@V?$basic_string@DU?$char_traits@D@std@@V?$allocator@D@2@@std@@V?$allocator@V?$basic_string@DU?$char_traits@D@std@@V?$allocator@D@2@@std@@@2@@std@@V?$allocator@V?$vector@V?$basic_string@DU?$char_traits@D@std@@V?$allocator@D@2@@std@@V?$allocator@V?$basic_string@DU?$char_traits@D@std@@V?$allocator@D@2@@std@@@2@@std@@@2@@std@@YAPEAV?$vector@V?$basic_string@DU?$char_traits@D@std@@V?$allocator@D@2@@std@@V?$allocator@V?$basic_string@DU?$char_traits@D@std@@V?$allocator@D@2@@std@@@2@@0@QEAV10@0PEAV10@AEAV?$allocator@V?$vector@V?$basic_string@DU?$char_traits@D@std@@V?$allocator@D@2@@std@@V?$allocator@V?$basic_string@DU?$char_traits@D@std@@V?$allocator@D@2@@std@@@2@@std@@@0@@Z 000000014000a350 f i Game.obj
 0001:00009470       ??$_Verify_range@D@std@@YAXQEBD0@Z 000000014000a470 f i Game.obj
 0001:00009530       ??$construct@PEAVEnemies@@PEAV1@@?$_Default_allocator_traits@V?$allocator@PEAVEnemies@@@std@@@std@@SAXAEAV?$allocator@PEAVEnemies@@@1@QEAPEAVEnemies@@$$QEAPEAV3@@Z 000000014000a530 f i Game.obj
 0001:00009530       ??$construct@PEAVBlueEnemy@@PEAV1@@?$_Default_allocator_traits@V?$allocator@PEAVBlueEnemy@@@std@@@std@@SAXAEAV?$allocator@PEAVBlueEnemy@@@1@QEAPEAVBlueEnemy@@$$QEAPEAV3@@Z 000000014000a530 f i Game.obj
 0001:00009530       ??$construct@PEAVBullet@@PEAV1@@?$_Default_allocator_traits@V?$allocator@PEAVBullet@@@std@@@std@@SAXAEAV?$allocator@PEAVBullet@@@1@QEAPEAVBullet@@$$QEAPEAV3@@Z 000000014000a530 f i Game.obj
 0001:00009530       ??$construct@PEAVPotion@@PEAV1@@?$_Default_allocator_traits@V?$allocator@PEAVPotion@@@std@@@std@@SAXAEAV?$allocator@PEAVPotion@@@1@QEAPEAVPotion@@$$QEAPEAV3@@Z 000000014000a530 f i Game.obj
 0001:00009530       ??$construct@PEAVRedEnemy@@PEAV1@@?$_Default_allocator_traits@V?$allocator@PEAVRedEnemy@@@std@@@std@@SAXAEAV?$allocator@PEAVRedEnemy@@@1@QEAPEAVRedEnemy@@$$QEAPEAV3@@Z 000000014000a530 f i Game.obj
 0001:00009530       ??$construct@PEAVShield@@PEAV1@@?$_Default_allocator_traits@V?$allocator@PEAVShield@@@std@@@std@@SAXAEAV?$allocator@PEAVShield@@@1@QEAPEAVShield@@$$QEAPEAV3@@Z 000000014000a530 f i Game.obj
 0001:000095a0       ??$construct@U?$pair@$$CBV?$basic_string@DU?$char_traits@D@std@@V?$allocator@D@2@@std@@PEAVTexture@sf@@@std@@AEBUpiecewise_construct_t@2@V?$tuple@$$QEAV?$basic_string@DU?$char_traits@D@std@@V?$allocator@D@2@@std@@@2@V?$tuple@$$V@2@@?$_Default_allocator_traits@V?$allocator@U?$_Tree_node@U?$pair@$$CBV?$basic_string@DU?$char_traits@D@std@@V?$allocator@D@2@@std@@PEAVTexture@sf@@@std@@PEAX@std@@@std@@@std@@SAXAEAV?$allocator@U?$_Tree_node@U?$pair@$$CBV?$basic_string@DU?$char_traits@D@std@@V?$allocator@D@2@@std@@PEAVTexture@sf@@@std@@PEAX@std@@@1@QEAU?$pair@$$CBV?$basic_string@DU?$char_traits@D@std@@V?$allocator@D@2@@std@@PEAVTexture@sf@@@1@AEBUpiecewise_construct_t@1@$$QEAV?$tuple@$$QEAV?$basic_string@DU?$char_traits@D@std@@V?$allocator@D@2@@std@@@1@$$QEAV?$tuple@$$V@1@@Z 000000014000a5a0 f i Game.obj
 0001:00009750       ??$construct@V?$basic_string@DU?$char_traits@D@std@@V?$allocator@D@2@@std@@AEAV12@@?$_Default_allocator_traits@V?$allocator@V?$basic_string@DU?$char_traits@D@std@@V?$allocator@D@2@@std@@@std@@@std@@SAXAEAV?$allocator@V?$basic_string@DU?$char_traits@D@std@@V?$allocator@D@2@@std@@@1@QEAV?$basic_string@DU?$char_traits@D@std@@V?$allocator@D@2@@1@AEAV31@@Z 000000014000a750 f i Game.obj
 0001:000097c0       ??$construct@V?$basic_string@DU?$char_traits@D@std@@V?$allocator@D@2@@std@@V12@@?$_Default_allocator_traits@V?$allocator@V?$basic_string@DU?$char_traits@D@std@@V?$allocator@D@2@@std@@@std@@@std@@SAXAEAV?$allocator@V?$basic_string@DU?$char_traits@D@std@@V?$allocator@D@2@@std@@@1@QEAV?$basic_string@DU?$char_traits@D@std@@V?$allocator@D@2@@1@$$QEAV31@@Z 000000014000a7c0 f i Game.obj
 0001:00009830       ??$construct@V?$vector@V?$basic_string@DU?$char_traits@D@std@@V?$allocator@D@2@@std@@V?$allocator@V?$basic_string@DU?$char_traits@D@std@@V?$allocator@D@2@@std@@@2@@std@@AEBV12@@?$_Default_allocator_traits@V?$allocator@V?$vector@V?$basic_string@DU?$char_traits@D@std@@V?$allocator@D@2@@std@@V?$allocator@V?$basic_string@DU?$char_traits@D@std@@V?$allocator@D@2@@std@@@2@@std@@@std@@@std@@SAXAEAV?$allocator@V?$vector@V?$basic_string@DU?$char_traits@D@std@@V?$allocator@D@2@@std@@V?$allocator@V?$basic_string@DU?$char_traits@D@std@@V?$allocator@D@2@@std@@@2@@std@@@1@QEAV?$vector@V?$basic_string@DU?$char_traits@D@std@@V?$allocator@D@2@@std@@V?$allocator@V?$basic_string@DU?$char_traits@D@std@@V?$allocator@D@2@@std@@@2@@1@AEBV31@@Z 000000014000a830 f i Game.obj
 0001:000098a0       ??$construct@V?$vector@V?$basic_string@DU?$char_traits@D@std@@V?$allocator@D@2@@std@@V?$allocator@V?$basic_string@DU?$char_traits@D@std@@V?$allocator@D@2@@std@@@2@@std@@V12@@?$_Default_allocator_traits@V?$allocator@V?$vector@V?$basic_string@DU?$char_traits@D@std@@V?$allocator@D@2@@std@@V?$allocator@V?$basic_string@DU?$char_traits@D@std@@V?$allocator@D@2@@std@@@2@@std@@@std@@@std@@SAXAEAV?$allocator@V?$vector@V?$basic_string@DU?$char_traits@D@std@@V?$allocator@D@2@@std@@V?$allocator@V?$basic_string@DU?$char_traits@D@std@@V?$allocator@D@2@@std@@@2@@std@@@1@QEAV?$vector@V?$basic_string@DU?$char_traits@D@std@@V?$allocator@D@2@@std@@V?$allocator@V?$basic_string@DU?$char_traits@D@std@@V?$allocator@D@2@@std@@@2@@1@$$QEAV31@@Z 000000014000a8a0 f i Game.obj
 0001:00009910       ??$destroy@U?$pair@$$CBV?$basic_string@DU?$char_traits@D@std@@V?$allocator@D@2@@std@@PEAVTexture@sf@@@std@@@?$_Default_allocator_traits@V?$allocator@U?$_Tree_node@U?$pair@$$CBV?$basic_string@DU?$char_traits@D@std@@V?$allocator@D@2@@std@@PEAVTexture@sf@@@std@@PEAX@std@@@std@@@std@@SAXAEAV?$allocator@U?$_Tree_node@U?$pair@$$CBV?$basic_string@DU?$char_traits@D@std@@V?$allocator@D@2@@std@@PEAVTexture@sf@@@std@@PEAX@std@@@1@QEAU?$pair@$$CBV?$basic_string@DU?$char_traits@D@std@@V?$allocator@D@2@@std@@PEAVTexture@sf@@@1@@Z 000000014000a910 f i Game.obj
 0001:000099b0       ??$destroy@V?$basic_string@DU?$char_traits@D@std@@V?$allocator@D@2@@std@@@?$_Default_allocator_traits@V?$allocator@V?$basic_string@DU?$char_traits@D@std@@V?$allocator@D@2@@std@@@std@@@std@@SAXAEAV?$allocator@V?$basic_string@DU?$char_traits@D@std@@V?$allocator@D@2@@std@@@1@QEAV?$basic_string@DU?$char_traits@D@std@@V?$allocator@D@2@@1@@Z 000000014000a9b0 f i Game.obj
 0001:00009a00       ??$destroy@V?$vector@V?$basic_string@DU?$char_traits@D@std@@V?$allocator@D@2@@std@@V?$allocator@V?$basic_string@DU?$char_traits@D@std@@V?$allocator@D@2@@std@@@2@@std@@@?$_Default_allocator_traits@V?$allocator@V?$vector@V?$basic_string@DU?$char_traits@D@std@@V?$allocator@D@2@@std@@V?$allocator@V?$basic_string@DU?$char_traits@D@std@@V?$allocator@D@2@@std@@@2@@std@@@std@@@std@@SAXAEAV?$allocator@V?$vector@V?$basic_string@DU?$char_traits@D@std@@V?$allocator@D@2@@std@@V?$allocator@V?$basic_string@DU?$char_traits@D@std@@V?$allocator@D@2@@std@@@2@@std@@@1@QEAV?$vector@V?$basic_string@DU?$char_traits@D@std@@V?$allocator@D@2@@std@@V?$allocator@V?$basic_string@DU?$char_traits@D@std@@V?$allocator@D@2@@std@@@2@@1@@Z 000000014000aa00 f i Game.obj
 0001:00009af0       ??$emplace_back@AEBV?$vector@V?$basic_string@DU?$char_traits@D@std@@V?$allocator@D@2@@std@@V?$allocator@V?$basic_string@DU?$char_traits@D@std@@V?$allocator@D@2@@std@@@2@@std@@@?$vector@V?$vector@V?$basic_string@DU?$char_traits@D@std@@V?$allocator@D@2@@std@@V?$allocator@V?$basic_string@DU?$char_traits@D@std@@V?$allocator@D@2@@std@@@2@@std@@V?$allocator@V?$vector@V?$basic_string@DU?$char_traits@D@std@@V?$allocator@D@2@@std@@V?$allocator@V?$basic_string@DU?$char_traits@D@std@@V?$allocator@D@2@@std@@@2@@std@@@2@@std@@QEAAXAEBV?$vector@V?$basic_string@DU?$char_traits@D@std@@V?$allocator@D@2@@std@@V?$allocator@V?$basic_string@DU?$char_traits@D@std@@V?$allocator@D@2@@std@@@2@@1@@Z 000000014000aaf0 f i Game.obj
 0001:00009b90       ??$emplace_back@PEAVBlueEnemy@@@?$vector@PEAVBlueEnemy@@V?$allocator@PEAVBlueEnemy@@@std@@@std@@QEAAX$$QEAPEAVBlueEnemy@@@Z 000000014000ab90 f i Game.obj
 0001:00009c30       ??$emplace_back@PEAVBullet@@@?$vector@PEAVBullet@@V?$allocator@PEAVBullet@@@std@@@std@@QEAAX$$QEAPEAVBullet@@@Z 000000014000ac30 f i Game.obj
 0001:00009cd0       ??$emplace_back@PEAVEnemies@@@?$vector@PEAVEnemies@@V?$allocator@PEAVEnemies@@@std@@@std@@QEAAX$$QEAPEAVEnemies@@@Z 000000014000acd0 f i Game.obj
 0001:00009d70       ??$emplace_back@PEAVPotion@@@?$vector@PEAVPotion@@V?$allocator@PEAVPotion@@@std@@@std@@QEAAX$$QEAPEAVPotion@@@Z 000000014000ad70 f i Game.obj
 0001:00009e10       ??$emplace_back@PEAVRedEnemy@@@?$vector@PEAVRedEnemy@@V?$allocator@PEAVRedEnemy@@@std@@@std@@QEAAX$$QEAPEAVRedEnemy@@@Z 000000014000ae10 f i Game.obj
 0001:00009eb0       ??$emplace_back@PEAVShield@@@?$vector@PEAVShield@@V?$allocator@PEAVShield@@@std@@@std@@QEAAX$$QEAPEAVShield@@@Z 000000014000aeb0 f i Game.obj
 0001:00009f50       ??$emplace_back@V?$basic_string@DU?$char_traits@D@std@@V?$allocator@D@2@@std@@@?$vector@V?$basic_string@DU?$char_traits@D@std@@V?$allocator@D@2@@std@@V?$allocator@V?$basic_string@DU?$char_traits@D@std@@V?$allocator@D@2@@std@@@2@@std@@QEAAX$$QEAV?$basic_string@DU?$char_traits@D@std@@V?$allocator@D@2@@1@@Z 000000014000af50 f i Game.obj
 0001:00009ff0       ??$end@D$0BF@@std@@YAPEADAEAY0BF@D@Z 000000014000aff0 f i Game.obj
 0001:0000a030       ??$endl@DU?$char_traits@D@std@@@std@@YAAEAV?$basic_ostream@DU?$char_traits@D@std@@@0@AEAV10@@Z 000000014000b030 f i Game.obj
 0001:0000a0a0       ??$exchange@PEAU_Container_proxy@std@@$$T@std@@YAPEAU_Container_proxy@0@AEAPEAU10@$$QEA$$T@Z 000000014000b0a0 f i Game.obj
 0001:0000a0a0       ??$exchange@PEAV_Facet_base@std@@PEAV12@@std@@YAPEAV_Facet_base@0@AEAPEAV10@$$QEAPEAV10@@Z 000000014000b0a0 f i Game.obj
 0001:0000a0a0       ??$exchange@PEAU?$_Tree_node@U?$pair@$$CBV?$basic_string@DU?$char_traits@D@std@@V?$allocator@D@2@@std@@PEAVTexture@sf@@@std@@PEAX@std@@$$T@std@@YAPEAU?$_Tree_node@U?$pair@$$CBV?$basic_string@DU?$char_traits@D@std@@V?$allocator@D@2@@std@@PEAVTexture@sf@@@std@@PEAX@0@AEAPEAU10@$$QEA$$T@Z 000000014000b0a0 f i Game.obj
 0001:0000a0a0       ??$exchange@PEAU?$_Tree_node@U?$pair@$$CBV?$basic_string@DU?$char_traits@D@std@@V?$allocator@D@2@@std@@PEAVTexture@sf@@@std@@PEAX@std@@AEAPEAU12@@std@@YAPEAU?$_Tree_node@U?$pair@$$CBV?$basic_string@DU?$char_traits@D@std@@V?$allocator@D@2@@std@@PEAVTexture@sf@@@std@@PEAX@0@AEAPEAU10@0@Z 000000014000b0a0 f i Game.obj
 0001:0000a100       ??$move@AEAPEAVEnemies@@@std@@YA$$QEAPEAVEnemies@@AEAPEAV1@@Z 000000014000b100 f i Game.obj
 0001:0000a100       ??$forward@AEBU?$less@V?$basic_string@DU?$char_traits@D@std@@V?$allocator@D@2@@std@@@std@@@std@@YAAEBU?$less@V?$basic_string@DU?$char_traits@D@std@@V?$allocator@D@2@@std@@@0@AEBU10@@Z 000000014000b100 f i Game.obj
 0001:0000a100       ??$forward@PEAVBullet@@@std@@YA$$QEAPEAVBullet@@AEAPEAV1@@Z 000000014000b100 f i Game.obj
 0001:0000a100       ??$move@AEAV?$allocator@D@std@@@std@@YA$$QEAV?$allocator@D@0@AEAV10@@Z 000000014000b100 f i Game.obj
 0001:0000a100       ??$forward@PEAVPotion@@@std@@YA$$QEAPEAVPotion@@AEAPEAV1@@Z 000000014000b100 f i Game.obj
 0001:0000a100       ??$move@AEAPEAVShield@@@std@@YA$$QEAPEAVShield@@AEAPEAV1@@Z 000000014000b100 f i Game.obj
 0001:0000a100       ??$forward@AEAPEAU?$_Tree_node@U?$pair@$$CBV?$basic_string@DU?$char_traits@D@std@@V?$allocator@D@2@@std@@PEAVTexture@sf@@@std@@PEAX@std@@@std@@YAAEAPEAU?$_Tree_node@U?$pair@$$CBV?$basic_string@DU?$char_traits@D@std@@V?$allocator@D@2@@std@@PEAVTexture@sf@@@std@@PEAX@0@AEAPEAU10@@Z 000000014000b100 f i Game.obj
 0001:0000a100       ??$forward@AEBV?$allocator@D@std@@@std@@YAAEBV?$allocator@D@0@AEBV10@@Z 000000014000b100 f i Game.obj
 0001:0000a100       ??$move@AEAV?$tuple@$$QEAV?$basic_string@DU?$char_traits@D@std@@V?$allocator@D@2@@std@@@std@@@std@@YA$$QEAV?$tuple@$$QEAV?$basic_string@DU?$char_traits@D@std@@V?$allocator@D@2@@std@@@0@AEAV10@@Z 000000014000b100 f i Game.obj
 0001:0000a100       ??$move@AEAV?$basic_string@DU?$char_traits@D@std@@V?$allocator@D@2@@std@@@std@@YA$$QEAV?$basic_string@DU?$char_traits@D@std@@V?$allocator@D@2@@0@AEAV10@@Z 000000014000b100 f i Game.obj
 0001:0000a100       ??$move@AEAV?$vector@V?$basic_string@DU?$char_traits@D@std@@V?$allocator@D@2@@std@@V?$allocator@V?$basic_string@DU?$char_traits@D@std@@V?$allocator@D@2@@std@@@2@@std@@@std@@YA$$QEAV?$vector@V?$basic_string@DU?$char_traits@D@std@@V?$allocator@D@2@@std@@V?$allocator@V?$basic_string@DU?$char_traits@D@std@@V?$allocator@D@2@@std@@@2@@0@AEAV10@@Z 000000014000b100 f i Game.obj
 0001:0000a100       ??$forward@V?$vector@V?$basic_string@DU?$char_traits@D@std@@V?$allocator@D@2@@std@@V?$allocator@V?$basic_string@DU?$char_traits@D@std@@V?$allocator@D@2@@std@@@2@@std@@@std@@YA$$QEAV?$vector@V?$basic_string@DU?$char_traits@D@std@@V?$allocator@D@2@@std@@V?$allocator@V?$basic_string@DU?$char_traits@D@std@@V?$allocator@D@2@@std@@@2@@0@AEAV10@@Z 000000014000b100 f i Game.obj
 0001:0000a100       ??$forward@V?$allocator@V?$basic_string@DU?$char_traits@D@std@@V?$allocator@D@2@@std@@@std@@@std@@YA$$QEAV?$allocator@V?$basic_string@DU?$char_traits@D@std@@V?$allocator@D@2@@std@@@0@AEAV10@@Z 000000014000b100 f i Game.obj
 0001:0000a100       ??$forward@AEAPEAV_Facet_base@std@@@std@@YAAEAPEAV_Facet_base@0@AEAPEAV10@@Z 000000014000b100 f i Game.obj
 0001:0000a100       ??$forward@PEAVEnemies@@@std@@YA$$QEAPEAVEnemies@@AEAPEAV1@@Z 000000014000b100 f i Game.obj
 0001:0000a100       ??$forward@AEBQEAU?$_Tree_node@U?$pair@$$CBV?$basic_string@DU?$char_traits@D@std@@V?$allocator@D@2@@std@@PEAVTexture@sf@@@std@@PEAX@std@@@std@@YAAEBQEAU?$_Tree_node@U?$pair@$$CBV?$basic_string@DU?$char_traits@D@std@@V?$allocator@D@2@@std@@PEAVTexture@sf@@@std@@PEAX@0@AEBQEAU10@@Z 000000014000b100 f i Game.obj
 0001:0000a100       ??$forward@AEBV?$vector@V?$basic_string@DU?$char_traits@D@std@@V?$allocator@D@2@@std@@V?$allocator@V?$basic_string@DU?$char_traits@D@std@@V?$allocator@D@2@@std@@@2@@std@@@std@@YAAEBV?$vector@V?$basic_string@DU?$char_traits@D@std@@V?$allocator@D@2@@std@@V?$allocator@V?$basic_string@DU?$char_traits@D@std@@V?$allocator@D@2@@std@@@2@@0@AEBV10@@Z 000000014000b100 f i Game.obj
 0001:0000a100       ??$forward@PEAVShield@@@std@@YA$$QEAPEAVShield@@AEAPEAV1@@Z 000000014000b100 f i Game.obj
 0001:0000a100       ??$forward@V?$tuple@$$QEAV?$basic_string@DU?$char_traits@D@std@@V?$allocator@D@2@@std@@@std@@@std@@YA$$QEAV?$tuple@$$QEAV?$basic_string@DU?$char_traits@D@std@@V?$allocator@D@2@@std@@@0@AEAV10@@Z 000000014000b100 f i Game.obj
 0001:0000a100       ??$forward@V?$basic_string@DU?$char_traits@D@std@@V?$allocator@D@2@@std@@@std@@YA$$QEAV?$basic_string@DU?$char_traits@D@std@@V?$allocator@D@2@@0@AEAV10@@Z 000000014000b100 f i Game.obj
 0001:0000a100       ??$forward@U_Zero_then_variadic_args_t@std@@@std@@YA$$QEAU_Zero_then_variadic_args_t@0@AEAU10@@Z 000000014000b100 f i Game.obj
 0001:0000a100       ??$forward@AEAV?$basic_string@DU?$char_traits@D@std@@V?$allocator@D@2@@std@@@std@@YAAEAV?$basic_string@DU?$char_traits@D@std@@V?$allocator@D@2@@0@AEAV10@@Z 000000014000b100 f i Game.obj
 0001:0000a100       ??$forward@_N@std@@YA$$QEA_NAEA_N@Z 000000014000b100 f i Game.obj
 0001:0000a100       ??$move@AEAPEAVPotion@@@std@@YA$$QEAPEAVPotion@@AEAPEAV1@@Z 000000014000b100 f i Game.obj
 0001:0000a100       ??$forward@AEBUpiecewise_construct_t@std@@@std@@YAAEBUpiecewise_construct_t@0@AEBU10@@Z 000000014000b100 f i Game.obj
 0001:0000a100       ??$move@AEAV?$basic_istream@DU?$char_traits@D@std@@@std@@@std@@YA$$QEAV?$basic_istream@DU?$char_traits@D@std@@@0@AEAV10@@Z 000000014000b100 f i Game.obj
 0001:0000a100       ??$forward@PEAU?$_Tree_node@U?$pair@$$CBV?$basic_string@DU?$char_traits@D@std@@V?$allocator@D@2@@std@@PEAVTexture@sf@@@std@@PEAX@std@@@std@@YA$$QEAPEAU?$_Tree_node@U?$pair@$$CBV?$basic_string@DU?$char_traits@D@std@@V?$allocator@D@2@@std@@PEAVTexture@sf@@@std@@PEAX@0@AEAPEAU10@@Z 000000014000b100 f i Game.obj
 0001:0000a100       ??$move@AEAPEAVBlueEnemy@@@std@@YA$$QEAPEAVBlueEnemy@@AEAPEAV1@@Z 000000014000b100 f i Game.obj
 0001:0000a100       ??$move@AEAPEAVBullet@@@std@@YA$$QEAPEAVBullet@@AEAPEAV1@@Z 000000014000b100 f i Game.obj
 0001:0000a100       ??$forward@PEAVRedEnemy@@@std@@YA$$QEAPEAVRedEnemy@@AEAPEAV1@@Z 000000014000b100 f i Game.obj
 0001:0000a100       ??$forward@PEAVBlueEnemy@@@std@@YA$$QEAPEAVBlueEnemy@@AEAPEAV1@@Z 000000014000b100 f i Game.obj
 0001:0000a100       ??$move@AEAPEAVRedEnemy@@@std@@YA$$QEAPEAVRedEnemy@@AEAPEAV1@@Z 000000014000b100 f i Game.obj
 0001:0000a100       ??$forward@V?$allocator@D@std@@@std@@YA$$QEAV?$allocator@D@0@AEAV10@@Z 000000014000b100 f i Game.obj
 0001:0000a100       ??$move@AEAV?$allocator@V?$basic_string@DU?$char_traits@D@std@@V?$allocator@D@2@@std@@@std@@@std@@YA$$QEAV?$allocator@V?$basic_string@DU?$char_traits@D@std@@V?$allocator@D@2@@std@@@0@AEAV10@@Z 000000014000b100 f i Game.obj
 0001:0000a100       ??$forward@V?$tuple@$$V@std@@@std@@YA$$QEAV?$tuple@$$V@0@AEAV10@@Z 000000014000b100 f i Game.obj
 0001:0000a100       ??$forward@AEAV?$allocator@D@std@@@std@@YAAEAV?$allocator@D@0@AEAV10@@Z 000000014000b100 f i Game.obj
 0001:0000a180       ??$forward_as_tuple@$$V@std@@YA?AV?$tuple@$$V@0@XZ 000000014000b180 f i Game.obj
 0001:0000a1c0       ??$forward_as_tuple@V?$basic_string@DU?$char_traits@D@std@@V?$allocator@D@2@@std@@@std@@YA?AV?$tuple@$$QEAV?$basic_string@DU?$char_traits@D@std@@V?$allocator@D@2@@std@@@0@$$QEAV?$basic_string@DU?$char_traits@D@std@@V?$allocator@D@2@@0@@Z 000000014000b1c0 f i Game.obj
 0001:0000a220       ??$get@$0A@$$QEAV?$basic_string@DU?$char_traits@D@std@@V?$allocator@D@2@@std@@@std@@YA$$QEAV?$basic_string@DU?$char_traits@D@std@@V?$allocator@D@2@@0@$$QEAV?$tuple@$$QEAV?$basic_string@DU?$char_traits@D@std@@V?$allocator@D@2@@std@@@0@@Z 000000014000b220 f i Game.obj
 0001:0000a2b0       ??$max@M@std@@YAAEBMAEBM0@Z 000000014000b2b0 f i Game.obj
 0001:0000a320       ??$max@PEAD@std@@YAAEBQEADAEBQEAD0@Z 000000014000b320 f i Game.obj
 0001:0000a390       ??$min@M@std@@YAAEBMAEBM0@Z 000000014000b390 f i Game.obj
 0001:0000a5a0       ??$use_facet@V?$codecvt@DDU_Mbstatet@@@std@@@std@@YAAEBV?$codecvt@DDU_Mbstatet@@@0@AEBVlocale@0@@Z 000000014000b5a0 f i Game.obj
 0001:0000a730       ??$use_facet@V?$ctype@D@std@@@std@@YAAEBV?$ctype@D@0@AEBVlocale@0@@Z 000000014000b730 f i Game.obj
 0001:0000a8c0       ??0?$Rect@M@sf@@QEAA@MMMM@Z 000000014000b8c0 f i Game.obj
 0001:0000a950       ??0?$Rect@M@sf@@QEAA@XZ    000000014000b950 f i Game.obj
 0001:0000a9c0       ??0?$Vector2@H@sf@@QEAA@XZ 000000014000b9c0 f i Game.obj
 0001:0000aa10       ??0?$_Alloc_construct_ptr@V?$allocator@U?$_Tree_node@U?$pair@$$CBV?$basic_string@DU?$char_traits@D@std@@V?$allocator@D@2@@std@@PEAVTexture@sf@@@std@@PEAX@std@@@std@@@std@@QEAA@AEAV?$allocator@U?$_Tree_node@U?$pair@$$CBV?$basic_string@DU?$char_traits@D@std@@V?$allocator@D@2@@std@@PEAVTexture@sf@@@std@@PEAX@std@@@1@@Z 000000014000ba10 f i Game.obj
 0001:0000aa70       ??0?$_Tree@V?$_Tmap_traits@V?$basic_string@DU?$char_traits@D@std@@V?$allocator@D@2@@std@@PEAVTexture@sf@@U?$less@V?$basic_string@DU?$char_traits@D@std@@V?$allocator@D@2@@std@@@2@V?$allocator@U?$pair@$$CBV?$basic_string@DU?$char_traits@D@std@@V?$allocator@D@2@@std@@PEAVTexture@sf@@@std@@@2@$0A@@std@@@std@@QEAA@AEBU?$less@V?$basic_string@DU?$char_traits@D@std@@V?$allocator@D@2@@std@@@1@@Z 000000014000ba70 f i Game.obj
[...]
 0005:00000197       __837C5CA4_NonCopyable@hpp 000000014003e197     Potion.obj
 0005:00000198       __1E40D7C8_string          000000014003e198     Potion.obj
 0005:00000199       __61DEF4C5_algorithm       000000014003e199     Potion.obj
 0005:0000019a       __76929153_xlocmes         000000014003e19a     Potion.obj
 0005:0000019b       __EF7B1500_xlocmon         000000014003e19b     Potion.obj
 0005:0000019c       __3F86D9A6_xloctime        000000014003e19c     Potion.obj
 0005:0000019d       __1B4FD9DA_Thread@inl      000000014003e19d     Potion.obj
 0005:0000019e       __6D523F25_ContextSettings@hpp 000000014003e19e     Potion.obj
 0005:0000019f       __22284348_Drawable@hpp    000000014003e19f     Potion.obj
 0005:000001a0       __16360F0B_Glyph@hpp       000000014003e1a0     Potion.obj
 0005:000001a1       __A298E223_tuple           000000014003e1a1     Potion.obj
 0005:000001a2       __0D920760_xtree           000000014003e1a2     Potion.obj
 0005:000001a3       __04A2AE85_Font@hpp        000000014003e1a3     Potion.obj
 0005:000001a4       __57C8A30A_SoundFileReader@hpp 000000014003e1a4     Potion.obj
 0005:000001a5       __CD7BC08D_SoundFileWriter@hpp 000000014003e1a5     Potion.obj
 0005:000001a6       __90A1F774_basetsd@h       000000014003e1a6     Potion.obj
 0005:000001a7       __B77B2BAA_Potion@h        000000014003e1a7     Potion.obj
 0005:000001a8       __8B3BFD73_Potion@cpp      000000014003e1a8     Potion.obj
 0005:000001a9       __C17EA3F9_locale          000000014003e1a9     Potion.obj
 0005:000001aa       __2A5E89D1_istream         000000014003e1aa     Potion.obj
 0005:000001ab       __498EBCEB_ostream         000000014003e1ab     Potion.obj
 0005:000001ac       __00FC34F0_streambuf       000000014003e1ac     Potion.obj
 0005:000001ad       __E561D725_iterator        000000014003e1ad     Potion.obj
 0005:000001ae       __1AD4885C_iosfwd          000000014003e1ae     Potion.obj
 0005:000001af       __9BE6F741_utility         000000014003e1af     Potion.obj
 0005:000001b0       __6CF96053_xstddef         000000014003e1b0     Potion.obj
 0005:000001b1       __253FD463_Rect@inl        000000014003e1b1     Potion.obj
 0005:000001b2       __E4BDDDC4_Rect@hpp        000000014003e1b2     Potion.obj
 0005:000001b3       __811E3AC7_xatomic@h       000000014003e1b3     Potion.obj
 0005:000001b4       __2B31710D_vcruntime_new@h 000000014003e1b4     RedEnemy.obj
 0005:000001b5       __09340588_corecrt_math@h  000000014003e1b5     RedEnemy.obj
 0005:000001b6       __24E9E95F_stdlib@h        000000014003e1b6     RedEnemy.obj
 0005:000001b7       __ACEB72CA_cstdlib         000000014003e1b7     RedEnemy.obj
 0005:000001b8       __04BBFB62_cmath           000000014003e1b8     RedEnemy.obj
 0005:000001b9       __F66CEB67_corecrt_stdio_config@h 000000014003e1b9     RedEnemy.obj
 0005:000001ba       __101834BA_corecrt_wstdio@h 000000014003e1ba     RedEnemy.obj
 0005:000001bb       __AD6A91B7_stdio@h         000000014003e1bb     RedEnemy.obj
 0005:000001bc       __367CC694_corecrt_memcpy_s@h 000000014003e1bc     RedEnemy.obj
 0005:000001bd       __35D7DDB3_corecrt_memory@h 000000014003e1bd     RedEnemy.obj
 0005:000001be       __DC9673E3_corecrt_wstring@h 000000014003e1be     RedEnemy.obj
 0005:000001bf       __A29A7DFB_string@h        000000014003e1bf     RedEnemy.obj
 0005:000001c0       __5467428D_corecrt_wconio@h 000000014003e1c0     RedEnemy.obj
 0005:000001c1       __4442441F_corecrt_wio@h   000000014003e1c1     RedEnemy.obj
 0005:000001c2       __45F4AF76_corecrt_wtime@h 000000014003e1c2     RedEnemy.obj
 0005:000001c3       __186FF47F_stat@h          000000014003e1c3     RedEnemy.obj
 0005:000001c4       __534C724A_wchar@h         000000014003e1c4     RedEnemy.obj
 0005:000001c5       __2D26A21E_type_traits     000000014003e1c5     RedEnemy.obj
 0005:000001c6       __F4CD6065_xutility        000000014003e1c6     RedEnemy.obj
 0005:000001c7       __B0C4CEA9_malloc@h        000000014003e1c7     RedEnemy.obj
 0005:000001c8       __49CBC5C5_vcruntime_exception@h 000000014003e1c8     RedEnemy.obj
 0005:000001c9       __8B12B611_exception       000000014003e1c9     RedEnemy.obj
 0005:000001ca       __D63D5DDA_limits          000000014003e1ca     RedEnemy.obj
 0005:000001cb       __F1739482_xmemory         000000014003e1cb     RedEnemy.obj
 0005:000001cc       __85A0121E_xstring         000000014003e1cc     RedEnemy.obj
 0005:000001cd       __025C8C4C_stdexcept       000000014003e1cd     RedEnemy.obj
 0005:000001ce       __127BCABE_xcall_once@h    000000014003e1ce     RedEnemy.obj
 0005:000001cf       __8AA3BE86_time@h          000000014003e1cf     RedEnemy.obj
 0005:000001d0       __0E11DA62_xthreads@h      000000014003e1d0     RedEnemy.obj
 0005:000001d1       __BD080118_atomic          000000014003e1d1     RedEnemy.obj
 0005:000001d2       __AD26D89E_system_error    000000014003e1d2     RedEnemy.obj
 0005:000001d3       __B68D2755_vcruntime_typeinfo@h 000000014003e1d3     RedEnemy.obj
 0005:000001d4       __8412937C_typeinfo        000000014003e1d4     RedEnemy.obj
 0005:000001d5       __6A935154_memory          000000014003e1d5     RedEnemy.obj
 0005:000001d6       __46D6065B_xfacet          000000014003e1d6     RedEnemy.obj
 0005:000001d7       __7242C389_ctype@h         000000014003e1d7     RedEnemy.obj
 0005:000001d8       __9B9B70B4_xlocinfo        000000014003e1d8     RedEnemy.obj
 0005:000001d9       __5A9E662F_xlocale         000000014003e1d9     RedEnemy.obj
 0005:000001da       __A27E07A7_xiosbase        000000014003e1da     RedEnemy.obj
 0005:000001db       __C4190038_xlocnum         000000014003e1db     RedEnemy.obj
 0005:000001dc       __A1E1ADF7_ios             000000014003e1dc     RedEnemy.obj
 0005:000001dd       __5308C714_InputStream@hpp 000000014003e1dd     RedEnemy.obj
 0005:000001de       __837C5CA4_NonCopyable@hpp 000000014003e1de     RedEnemy.obj
 0005:000001df       __1E40D7C8_string          000000014003e1df     RedEnemy.obj
 0005:000001e0       __61DEF4C5_algorithm       000000014003e1e0     RedEnemy.obj
 0005:000001e1       __76929153_xlocmes         000000014003e1e1     RedEnemy.obj
 0005:000001e2       __EF7B1500_xlocmon         000000014003e1e2     RedEnemy.obj
 0005:000001e3       __3F86D9A6_xloctime        000000014003e1e3     RedEnemy.obj
 0005:000001e4       __1B4FD9DA_Thread@inl      000000014003e1e4     RedEnemy.obj
 0005:000001e5       __6D523F25_ContextSettings@hpp 000000014003e1e5     RedEnemy.obj
 0005:000001e6       __22284348_Drawable@hpp    000000014003e1e6     RedEnemy.obj
 0005:000001e7       __16360F0B_Glyph@hpp       000000014003e1e7     RedEnemy.obj
 0005:000001e8       __A298E223_tuple           000000014003e1e8     RedEnemy.obj
 0005:000001e9       __0D920760_xtree           000000014003e1e9     RedEnemy.obj
 0005:000001ea       __04A2AE85_Font@hpp        000000014003e1ea     RedEnemy.obj
 0005:000001eb       __57C8A30A_SoundFileReader@hpp 000000014003e1eb     RedEnemy.obj
 0005:000001ec       __CD7BC08D_SoundFileWriter@hpp 000000014003e1ec     RedEnemy.obj
 0005:000001ed       __90A1F774_basetsd@h       000000014003e1ed     RedEnemy.obj
 0005:000001ee       __7D8E1E5E_RedEnemy@h      000000014003e1ee     RedEnemy.obj
 0005:000001ef       __AD58D71C_RedEnemy@cpp    000000014003e1ef     RedEnemy.obj
 0005:000001f0       __C17EA3F9_locale          000000014003e1f0     RedEnemy.obj
 0005:000001f1       __2A5E89D1_istream         000000014003e1f1     RedEnemy.obj
 0005:000001f2       __498EBCEB_ostream         000000014003e1f2     RedEnemy.obj
 0005:000001f3       __00FC34F0_streambuf       000000014003e1f3     RedEnemy.obj
 0005:000001f4       __E561D725_iterator        000000014003e1f4     RedEnemy.obj
 0005:000001f5       __1AD4885C_iosfwd          000000014003e1f5     RedEnemy.obj
 0005:000001f6       __9BE6F741_utility         000000014003e1f6     RedEnemy.obj
 0005:000001f7       __6CF96053_xstddef         000000014003e1f7     RedEnemy.obj
 0005:000001f8       __253FD463_Rect@inl        000000014003e1f8     RedEnemy.obj
 0005:000001f9       __E4BDDDC4_Rect@hpp        000000014003e1f9     RedEnemy.obj
 0005:000001fa       __811E3AC7_xatomic@h       000000014003e1fa     RedEnemy.obj
 0005:000001fb       __2B31710D_vcruntime_new@h 000000014003e1fb     Shield.obj
 0005:000001fc       __09340588_corecrt_math@h  000000014003e1fc     Shield.obj
 0005:000001fd       __24E9E95F_stdlib@h        000000014003e1fd     Shield.obj
 0005:000001fe       __ACEB72CA_cstdlib         000000014003e1fe     Shield.obj
 0005:000001ff       __04BBFB62_cmath           000000014003e1ff     Shield.obj
 0005:00000200       __F66CEB67_corecrt_stdio_config@h 000000014003e200     Shield.obj
 0005:00000201       __101834BA_corecrt_wstdio@h 000000014003e201     Shield.obj
 0005:00000202       __AD6A91B7_stdio@h         000000014003e202     Shield.obj
 0005:00000203       __367CC694_corecrt_memcpy_s@h 000000014003e203     Shield.obj
 0005:00000204       __35D7DDB3_corecrt_memory@h 000000014003e204     Shield.obj
 0005:00000205       __DC9673E3_corecrt_wstring@h 000000014003e205     Shield.obj
 0005:00000206       __A29A7DFB_string@h        000000014003e206     Shield.obj
 0005:00000207       __5467428D_corecrt_wconio@h 000000014003e207     Shield.obj
 0005:00000208       __4442441F_corecrt_wio@h   000000014003e208     Shield.obj
 0005:00000209       __45F4AF76_corecrt_wtime@h 000000014003e209     Shield.obj
 0005:0000020a       __186FF47F_stat@h          000000014003e20a     Shield.obj
 0005:0000020b       __534C724A_wchar@h         000000014003e20b     Shield.obj
 0005:0000020c       __2D26A21E_type_traits     000000014003e20c     Shield.obj
 0005:0000020d       __F4CD6065_xutility        000000014003e20d     Shield.obj
 0005:0000020e       __B0C4CEA9_malloc@h        000000014003e20e     Shield.obj
 0005:0000020f       __49CBC5C5_vcruntime_exception@h 000000014003e20f     Shield.obj
 0005:00000210       __8B12B611_exception       000000014003e210     Shield.obj
 0005:00000211       __D63D5DDA_limits          000000014003e211     Shield.obj
 0005:00000212       __F1739482_xmemory         000000014003e212     Shield.obj
 0005:00000213       __85A0121E_xstring         000000014003e213     Shield.obj
 0005:00000214       __025C8C4C_stdexcept       000000014003e214     Shield.obj
 0005:00000215       __127BCABE_xcall_once@h    000000014003e215     Shield.obj
 0005:00000216       __8AA3BE86_time@h          000000014003e216     Shield.obj
 0005:00000217       __0E11DA62_xthreads@h      000000014003e217     Shield.obj
 0005:00000218       __BD080118_atomic          000000014003e218     Shield.obj
 0005:00000219       __AD26D89E_system_error    000000014003e219     Shield.obj
 0005:0000021a       __B68D2755_vcruntime_typeinfo@h 000000014003e21a     Shield.obj
 0005:0000021b       __8412937C_typeinfo        000000014003e21b     Shield.obj
 0005:0000021c       __6A935154_memory          000000014003e21c     Shield.obj
 0005:0000021d       __46D6065B_xfacet          000000014003e21d     Shield.obj
 0005:0000021e       __7242C389_ctype@h         000000014003e21e     Shield.obj
 0005:0000021f       __9B9B70B4_xlocinfo        000000014003e21f     Shield.obj
 0005:00000220       __5A9E662F_xlocale         000000014003e220     Shield.obj
 0005:00000221       __A27E07A7_xiosbase        000000014003e221     Shield.obj
 0005:00000222       __C4190038_xlocnum         000000014003e222     Shield.obj
 0005:00000223       __A1E1ADF7_ios             000000014003e223     Shield.obj
 0005:00000224       __5308C714_InputStream@hpp 000000014003e224     Shield.obj
 0005:00000225       __837C5CA4_NonCopyable@hpp 000000014003e225     Shield.obj
 0005:00000226       __1E40D7C8_string          000000014003e226     Shield.obj
 0005:00000227       __61DEF4C5_algorithm       000000014003e227     Shield.obj
 0005:00000228       __76929153_xlocmes         000000014003e228     Shield.obj
 0005:00000229       __EF7B1500_xlocmon         000000014003e229     Shield.obj
 0005:0000022a       __3F86D9A6_xloctime        000000014003e22a     Shield.obj
 0005:0000022b       __1B4FD9DA_Thread@inl      000000014003e22b     Shield.obj
 0005:0000022c       __6D523F25_ContextSettings@hpp 000000014003e22c     Shield.obj
 0005:0000022d       __22284348_Drawable@hpp    000000014003e22d     Shield.obj
 0005:0000022e       __16360F0B_Glyph@hpp       000000014003e22e     Shield.obj
 0005:0000022f       __A298E223_tuple           000000014003e22f     Shield.obj
 0005:00000230       __0D920760_xtree           000000014003e230     Shield.obj
 0005:00000231       __04A2AE85_Font@hpp        000000014003e231     Shield.obj
 0005:00000232       __57C8A30A_SoundFileReader@hpp 000000014003e232     Shield.obj
 0005:00000233       __CD7BC08D_SoundFileWriter@hpp 000000014003e233     Shield.obj
 0005:00000234       __90A1F774_basetsd@h       000000014003e234     Shield.obj
 0005:00000235       __99C9C4BB_Shield@h        000000014003e235     Shield.obj
 0005:00000236       __E8570F38_Shield@cpp      000000014003e236     Shield.obj
 0005:00000237       __C17EA3F9_locale          000000014003e237     Shield.obj
 0005:00000238       __2A5E89D1_istream         000000014003e238     Shield.obj
 0005:00000239       __498EBCEB_ostream         000000014003e239     Shield.obj
 0005:0000023a       __00FC34F0_streambuf       000000014003e23a     Shield.obj
 0005:0000023b       __E561D725_iterator        000000014003e23b     Shield.obj
 0005:0000023c       __1AD4885C_iosfwd          000000014003e23c     Shield.obj
 0005:0000023d       __9BE6F741_utility         000000014003e23d     Shield.obj
 0005:0000023e       __6CF96053_xstddef         000000014003e23e     Shield.obj
 0005:0000023f       __253FD463_Rect@inl        000000014003e23f     Shield.obj
 0005:00000240       __E4BDDDC4_Rect@hpp        000000014003e240     Shield.obj
 0005:00000241       __811E3AC7_xatomic@h       000000014003e241     Shield.obj
 0005:00000242       __2B31710D_vcruntime_new@h 000000014003e242     tryTry.obj
 0005:00000243       __09340588_corecrt_math@h  000000014003e243     tryTry.obj
 0005:00000244       __24E9E95F_stdlib@h        000000014003e244     tryTry.obj
 0005:00000245       __ACEB72CA_cstdlib         000000014003e245     tryTry.obj
 0005:00000246       __04BBFB62_cmath           000000014003e246     tryTry.obj
 0005:00000247       __F66CEB67_corecrt_stdio_config@h 000000014003e247     tryTry.obj
 0005:00000248       __101834BA_corecrt_wstdio@h 000000014003e248     tryTry.obj
 0005:00000249       __AD6A91B7_stdio@h         000000014003e249     tryTry.obj
 0005:0000024a       __367CC694_corecrt_memcpy_s@h 000000014003e24a     tryTry.obj
 0005:0000024b       __35D7DDB3_corecrt_memory@h 000000014003e24b     tryTry.obj
 0005:0000024c       __DC9673E3_corecrt_wstring@h 000000014003e24c     tryTry.obj
 0005:0000024d       __A29A7DFB_string@h        000000014003e24d     tryTry.obj
 0005:0000024e       __5467428D_corecrt_wconio@h 000000014003e24e     tryTry.obj
 0005:0000024f       __4442441F_corecrt_wio@h   000000014003e24f     tryTry.obj
 0005:00000250       __45F4AF76_corecrt_wtime@h 000000014003e250     tryTry.obj
 0005:00000251       __186FF47F_stat@h          000000014003e251     tryTry.obj
 0005:00000252       __534C724A_wchar@h         000000014003e252     tryTry.obj
 0005:00000253       __2D26A21E_type_traits     000000014003e253     tryTry.obj
 0005:00000254       __F4CD6065_xutility        000000014003e254     tryTry.obj
 0005:00000255       __B0C4CEA9_malloc@h        000000014003e255     tryTry.obj
 0005:00000256       __49CBC5C5_vcruntime_exception@h 000000014003e256     tryTry.obj
 0005:00000257       __8B12B611_exception       000000014003e257     tryTry.obj
 0005:00000258       __D63D5DDA_limits          000000014003e258     tryTry.obj
 0005:00000259       __F1739482_xmemory         000000014003e259     tryTry.obj
 0005:0000025a       __85A0121E_xstring         000000014003e25a     tryTry.obj
 0005:0000025b       __025C8C4C_stdexcept       000000014003e25b     tryTry.obj
 0005:0000025c       __127BCABE_xcall_once@h    000000014003e25c     tryTry.obj
 0005:0000025d       __8AA3BE86_time@h          000000014003e25d     tryTry.obj
 0005:0000025e       __0E11DA62_xthreads@h      000000014003e25e     tryTry.obj
 0005:0000025f       __BD080118_atomic          000000014003e25f     tryTry.obj
 0005:00000260       __AD26D89E_system_error    000000014003e260     tryTry.obj
 0005:00000261       __B68D2755_vcruntime_typeinfo@h 000000014003e261     tryTry.obj
 0005:00000262       __8412937C_typeinfo        000000014003e262     tryTry.obj
 0005:00000263       __6A935154_memory          000000014003e263     tryTry.obj
 0005:00000264       __46D6065B_xfacet          000000014003e264     tryTry.obj
 0005:00000265       __7242C389_ctype@h         000000014003e265     tryTry.obj
 0005:00000266       __9B9B70B4_xlocinfo        000000014003e266     tryTry.obj
 0005:00000267       __5A9E662F_xlocale         000000014003e267     tryTry.obj
 0005:00000268       __A27E07A7_xiosbase        000000014003e268     tryTry.obj
 0005:00000269       __C4190038_xlocnum         000000014003e269     tryTry.obj
 0005:0000026a       __A1E1ADF7_ios             000000014003e26a     tryTry.obj
 0005:0000026b       __5308C714_InputStream@hpp 000000014003e26b     tryTry.obj
 0005:0000026c       __837C5CA4_NonCopyable@hpp 000000014003e26c     tryTry.obj
 0005:0000026d       __1E40D7C8_string          000000014003e26d     tryTry.obj
 0005:0000026e       __61DEF4C5_algorithm       000000014003e26e     tryTry.obj
 0005:0000026f       __76929153_xlocmes         000000014003e26f     tryTry.obj
 0005:00000270       __EF7B1500_xlocmon         000000014003e270     tryTry.obj
 0005:00000271       __3F86D9A6_xloctime        000000014003e271     tryTry.obj
 0005:00000272       __1B4FD9DA_Thread@inl      000000014003e272     tryTry.obj
 0005:00000273       __6D523F25_ContextSettings@hpp 000000014003e273     tryTry.obj
 0005:00000274       __22284348_Drawable@hpp    000000014003e274     tryTry.obj
 0005:00000275       __16360F0B_Glyph@hpp       000000014003e275     tryTry.obj
 0005:00000276       __A298E223_tuple           000000014003e276     tryTry.obj
 0005:00000277       __0D920760_xtree           000000014003e277     tryTry.obj
 0005:00000278       __04A2AE85_Font@hpp        000000014003e278     tryTry.obj
 0005:00000279       __57C8A30A_SoundFileReader@hpp 000000014003e279     tryTry.obj
 0005:0000027a       __CD7BC08D_SoundFileWriter@hpp 000000014003e27a     tryTry.obj
 0005:0000027b       __90A1F774_basetsd@h       000000014003e27b     tryTry.obj
 0005:0000027c       __DC16F938_fstream         000000014003e27c     tryTry.obj
 0005:0000027d       __AF3B706B_tryTry@cpp      000000014003e27d     tryTry.obj
 0005:0000027e       __2A5E89D1_istream         000000014003e27e     tryTry.obj
 0005:0000027f       __C17EA3F9_locale          000000014003e27f     tryTry.obj
 0005:00000280       __498EBCEB_ostream         000000014003e280     tryTry.obj
 0005:00000281       __00FC34F0_streambuf       000000014003e281     tryTry.obj
 0005:00000282       __E561D725_iterator        000000014003e282     tryTry.obj
 0005:00000283       __1AD4885C_iosfwd          000000014003e283     tryTry.obj
 0005:00000284       __9BE6F741_utility         000000014003e284     tryTry.obj
 0005:00000285       __6CF96053_xstddef         000000014003e285     tryTry.obj
 0005:00000286       __253FD463_Rect@inl        000000014003e286     tryTry.obj
 0005:00000287       __E4BDDDC4_Rect@hpp        000000014003e287     tryTry.obj
 0005:00000288       __811E3AC7_xatomic@h       000000014003e288     tryTry.obj
 0006:00000060       $R000000                   000000014003f060     try_1stSFML_GAME.res

 Exports

  ordinal    name

